This is pdfTeX, Version 3.141592653-2.6-1.40.29 (TeX Live 2026) (preloaded format=pdflatex 2026.4.29)  7 MAY 2026 11:30
entering extended mode
 restricted \write18 enabled.
 %&-line parsing enabled.
**tfe_principal.tex
(./tfe_principal.tex
LaTeX2e <2025-11-01>
L3 programming layer <2026-03-20>
(/Users/aliciac/Library/TinyTeX/texmf-dist/tex/latex/base/book.cls
Document Class: book 2025/01/22 v1.4n Standard LaTeX document class
(/Users/aliciac/Library/TinyTeX/texmf-dist/tex/latex/base/bk12.clo
File: bk12.clo 2025/01/22 v1.4n Standard LaTeX file (size option)
)
\c@part=\count275
\c@chapter=\count276
\c@section=\count277
\c@subsection=\count278
\c@subsubsection=\count279
\c@paragraph=\count280
\c@subparagraph=\count281
\c@figure=\count282
\c@table=\count283
\abovecaptionskip=\skip49
\belowcaptionskip=\skip50
\bibindent=\dimen150
) (/Users/aliciac/Library/TinyTeX/texmf-dist/tex/latex/lm/lmodern.sty
Package: lmodern 2015/05/01 v1.6.1 Latin Modern Fonts
LaTeX Font Info:    Overwriting symbol font `operators' in version `normal'
(Font)                  OT1/cmr/m/n --> OT1/lmr/m/n on input line 22.
LaTeX Font Info:    Overwriting symbol font `letters' in version `normal'
(Font)                  OML/cmm/m/it --> OML/lmm/m/it on input line 23.
LaTeX Font Info:    Overwriting symbol font `symbols' in version `normal'
(Font)                  OMS/cmsy/m/n --> OMS/lmsy/m/n on input line 24.
LaTeX Font Info:    Overwriting symbol font `largesymbols' in version `normal'
(Font)                  OMX/cmex/m/n --> OMX/lmex/m/n on input line 25.
LaTeX Font Info:    Overwriting symbol font `operators' in version `bold'
(Font)                  OT1/cmr/bx/n --> OT1/lmr/bx/n on input line 26.
LaTeX Font Info:    Overwriting symbol font `letters' in version `bold'
(Font)                  OML/cmm/b/it --> OML/lmm/b/it on input line 27.
LaTeX Font Info:    Overwriting symbol font `symbols' in version `bold'
(Font)                  OMS/cmsy/b/n --> OMS/lmsy/b/n on input line 28.
LaTeX Font Info:    Overwriting symbol font `largesymbols' in version `bold'
(Font)                  OMX/cmex/m/n --> OMX/lmex/m/n on input line 29.
LaTeX Font Info:    Overwriting math alphabet `\mathbf' in version `normal'
(Font)                  OT1/cmr/bx/n --> OT1/lmr/bx/n on input line 31.
LaTeX Font Info:    Overwriting math alphabet `\mathsf' in version `normal'
(Font)                  OT1/cmss/m/n --> OT1/lmss/m/n on input line 32.
LaTeX Font Info:    Overwriting math alphabet `\mathit' in version `normal'
(Font)                  OT1/cmr/m/it --> OT1/lmr/m/it on input line 33.
LaTeX Font Info:    Overwriting math alphabet `\mathtt' in version `normal'
(Font)                  OT1/cmtt/m/n --> OT1/lmtt/m/n on input line 34.
LaTeX Font Info:    Overwriting math alphabet `\mathbf' in version `bold'
(Font)                  OT1/cmr/bx/n --> OT1/lmr/bx/n on input line 35.
LaTeX Font Info:    Overwriting math alphabet `\mathsf' in version `bold'
(Font)                  OT1/cmss/bx/n --> OT1/lmss/bx/n on input line 36.
LaTeX Font Info:    Overwriting math alphabet `\mathit' in version `bold'
(Font)                  OT1/cmr/bx/it --> OT1/lmr/bx/it on input line 37.
LaTeX Font Info:    Overwriting math alphabet `\mathtt' in version `bold'
(Font)                  OT1/cmtt/m/n --> OT1/lmtt/m/n on input line 38.
) (/Users/aliciac/Library/TinyTeX/texmf-dist/tex/latex/amsfonts/amssymb.sty
Package: amssymb 2013/01/14 v3.01 AMS font symbols
(/Users/aliciac/Library/TinyTeX/texmf-dist/tex/latex/amsfonts/amsfonts.sty
Package: amsfonts 2013/01/14 v3.01 Basic AMSFonts support
\@emptytoks=\toks17
\symAMSa=\mathgroup4
\symAMSb=\mathgroup5
LaTeX Font Info:    Redeclaring math symbol \hbar on input line 98.
LaTeX Font Info:    Overwriting math alphabet `\mathfrak' in version `bold'
(Font)                  U/euf/m/n --> U/euf/b/n on input line 106.
)) (/Users/aliciac/Library/TinyTeX/texmf-dist/tex/latex/amsmath/amsmath.sty
Package: amsmath 2025/07/09 v2.17z AMS math features
\@mathmargin=\skip51
For additional information on amsmath, use the `?' option.
(/Users/aliciac/Library/TinyTeX/texmf-dist/tex/latex/amsmath/amstext.sty
Package: amstext 2024/11/17 v2.01 AMS text
(/Users/aliciac/Library/TinyTeX/texmf-dist/tex/latex/amsmath/amsgen.sty
File: amsgen.sty 1999/11/30 v2.0 generic functions
\@emptytoks=\toks18
\ex@=\dimen151
)) (/Users/aliciac/Library/TinyTeX/texmf-dist/tex/latex/amsmath/amsbsy.sty
Package: amsbsy 1999/11/29 v1.2d Bold Symbols
\pmbraise@=\dimen152
) (/Users/aliciac/Library/TinyTeX/texmf-dist/tex/latex/amsmath/amsopn.sty
Package: amsopn 2022/04/08 v2.04 operator names
)
\inf@bad=\count284
LaTeX Info: Redefining \frac on input line 233.
\uproot@=\count285
\leftroot@=\count286
LaTeX Info: Redefining \overline on input line 398.
LaTeX Info: Redefining \colon on input line 409.
\classnum@=\count287
\DOTSCASE@=\count288
LaTeX Info: Redefining \ldots on input line 495.
LaTeX Info: Redefining \dots on input line 498.
LaTeX Info: Redefining \cdots on input line 619.
\Mathstrutbox@=\box53
\strutbox@=\box54
LaTeX Info: Redefining \big on input line 721.
LaTeX Info: Redefining \Big on input line 722.
LaTeX Info: Redefining \bigg on input line 723.
LaTeX Info: Redefining \Bigg on input line 724.
\big@size=\dimen153
LaTeX Font Info:    Redeclaring font encoding OML on input line 742.
LaTeX Font Info:    Redeclaring font encoding OMS on input line 743.
\macc@depth=\count289
LaTeX Info: Redefining \bmod on input line 904.
LaTeX Info: Redefining \pmod on input line 909.
LaTeX Info: Redefining \smash on input line 939.
LaTeX Info: Redefining \relbar on input line 969.
LaTeX Info: Redefining \Relbar on input line 970.
\c@MaxMatrixCols=\count290
\dotsspace@=\muskip17
\c@parentequation=\count291
\dspbrk@lvl=\count292
\tag@help=\toks19
\row@=\count293
\column@=\count294
\maxfields@=\count295
\andhelp@=\toks20
\eqnshift@=\dimen154
\alignsep@=\dimen155
\tagshift@=\dimen156
\tagwidth@=\dimen157
\totwidth@=\dimen158
\lineht@=\dimen159
\@envbody=\toks21
\multlinegap=\skip52
\multlinetaggap=\skip53
\mathdisplay@stack=\toks22
LaTeX Info: Redefining \[ on input line 2950.
LaTeX Info: Redefining \] on input line 2951.
) (/Users/aliciac/Library/TinyTeX/texmf-dist/tex/generic/iftex/ifxetex.sty
Package: ifxetex 2019/10/25 v0.7 ifxetex legacy package. Use iftex instead.
(/Users/aliciac/Library/TinyTeX/texmf-dist/tex/generic/iftex/iftex.sty
Package: iftex 2024/12/12 v1.0g TeX engine tests
)) (/Users/aliciac/Library/TinyTeX/texmf-dist/tex/generic/iftex/ifluatex.sty
Package: ifluatex 2019/10/25 v1.5 ifluatex legacy package. Use iftex instead.
) (/Users/aliciac/Library/TinyTeX/texmf-dist/tex/latex/base/fontenc.sty
Package: fontenc 2025/07/18 v2.1d Standard LaTeX package
LaTeX Font Info:    Trying to load font information for T1+lmr on input line 116.
(/Users/aliciac/Library/TinyTeX/texmf-dist/tex/latex/lm/t1lmr.fd
File: t1lmr.fd 2015/05/01 v1.6.1 Font defs for Latin Modern
)) (/Users/aliciac/Library/TinyTeX/texmf-dist/tex/latex/base/inputenc.sty
Package: inputenc 2024/02/08 v1.3d Input encoding file
\inpenc@prehook=\toks23
\inpenc@posthook=\toks24
) (/Users/aliciac/Library/TinyTeX/texmf-dist/tex/latex/geometry/geometry.sty
Package: geometry 2026/03/07 v6.0 Page Geometry
(/Users/aliciac/Library/TinyTeX/texmf-dist/tex/latex/graphics/keyval.sty
Package: keyval 2022/05/29 v1.15 key=value parser (DPC)
\KV@toks@=\toks25
) (/Users/aliciac/Library/TinyTeX/texmf-dist/tex/generic/iftex/ifvtex.sty
Package: ifvtex 2019/10/25 v1.7 ifvtex legacy package. Use iftex instead.
)
\Gm@cnth=\count296
\Gm@cntv=\count297
\c@Gm@tempcnt=\count298
\Gm@bindingoffset=\dimen160
\Gm@wd@mp=\dimen161
\Gm@odd@mp=\dimen162
\Gm@even@mp=\dimen163
\Gm@layoutwidth=\dimen164
\Gm@layoutheight=\dimen165
\Gm@layouthoffset=\dimen166
\Gm@layoutvoffset=\dimen167
\Gm@dimlist=\toks26
) (/Users/aliciac/Library/TinyTeX/texmf-dist/tex/latex/hyperref/hyperref.sty
Package: hyperref 2026-04-24 v7.01q Hypertext links for LaTeX
(/Users/aliciac/Library/TinyTeX/texmf-dist/tex/latex/kvsetkeys/kvsetkeys.sty
Package: kvsetkeys 2022-10-05 v1.19 Key value parser (HO)
) (/Users/aliciac/Library/TinyTeX/texmf-dist/tex/generic/kvdefinekeys/kvdefinekeys.sty
Package: kvdefinekeys 2019-12-19 v1.6 Define keys (HO)
) (/Users/aliciac/Library/TinyTeX/texmf-dist/tex/generic/pdfescape/pdfescape.sty
Package: pdfescape 2019/12/09 v1.15 Implements pdfTeX's escape features (HO)
(/Users/aliciac/Library/TinyTeX/texmf-dist/tex/generic/ltxcmds/ltxcmds.sty
Package: ltxcmds 2023-12-04 v1.26 LaTeX kernel commands for general use (HO)
) (/Users/aliciac/Library/TinyTeX/texmf-dist/tex/generic/pdftexcmds/pdftexcmds.sty
Package: pdftexcmds 2020-06-27 v0.33 Utility functions of pdfTeX for LuaTeX (HO)
(/Users/aliciac/Library/TinyTeX/texmf-dist/tex/generic/infwarerr/infwarerr.sty
Package: infwarerr 2019/12/03 v1.5 Providing info/warning/error messages (HO)
)
Package pdftexcmds Info: \pdf@primitive is available.
Package pdftexcmds Info: \pdf@ifprimitive is available.
Package pdftexcmds Info: \pdfdraftmode found.
)) (/Users/aliciac/Library/TinyTeX/texmf-dist/tex/latex/hycolor/hycolor.sty
Package: hycolor 2020-01-27 v1.10 Color options for hyperref/bookmark (HO)
) (/Users/aliciac/Library/TinyTeX/texmf-dist/tex/latex/hyperref/nameref.sty
Package: nameref 2026-01-29 v2.58 Cross-referencing by name of section
(/Users/aliciac/Library/TinyTeX/texmf-dist/tex/latex/refcount/refcount.sty
Package: refcount 2019/12/15 v3.6 Data extraction from label references (HO)
) (/Users/aliciac/Library/TinyTeX/texmf-dist/tex/generic/gettitlestring/gettitlestring.sty
Package: gettitlestring 2019/12/15 v1.6 Cleanup title references (HO)
(/Users/aliciac/Library/TinyTeX/texmf-dist/tex/latex/kvoptions/kvoptions.sty
Package: kvoptions 2022-06-15 v3.15 Key value format for package options (HO)
))
\c@section@level=\count299
) (/Users/aliciac/Library/TinyTeX/texmf-dist/tex/latex/etoolbox/etoolbox.sty
Package: etoolbox 2025/10/02 v2.5m e-TeX tools for LaTeX (JAW)
\etb@tempcnta=\count300
) (/Users/aliciac/Library/TinyTeX/texmf-dist/tex/generic/stringenc/stringenc.sty
Package: stringenc 2019/11/29 v1.12 Convert strings between diff. encodings (HO)
)
\@linkdim=\dimen168
\Hy@linkcounter=\count301
\Hy@pagecounter=\count302
(/Users/aliciac/Library/TinyTeX/texmf-dist/tex/latex/hyperref/pd1enc.def
File: pd1enc.def 2026-04-24 v7.01q Hyperref: PDFDocEncoding definition (HO)
Now handling font encoding PD1 ...
... no UTF-8 mapping file for font encoding PD1
) (/Users/aliciac/Library/TinyTeX/texmf-dist/tex/generic/intcalc/intcalc.sty
Package: intcalc 2019/12/15 v1.3 Expandable calculations with integers (HO)
)
\Hy@SavedSpaceFactor=\count303
(/Users/aliciac/Library/TinyTeX/texmf-dist/tex/latex/hyperref/puenc.def
File: puenc.def 2026-04-24 v7.01q Hyperref: PDF Unicode definition (HO)
Now handling font encoding PU ...
... no UTF-8 mapping file for font encoding PU
)
Package hyperref Info: Hyper figures OFF on input line 4199.
Package hyperref Info: Link nesting OFF on input line 4204.
Package hyperref Info: Hyper index ON on input line 4207.
Package hyperref Info: Plain pages OFF on input line 4214.
Package hyperref Info: Backreferencing OFF on input line 4219.
Package hyperref Info: Implicit mode ON; LaTeX internals redefined.
Package hyperref Info: Bookmarks ON on input line 4466.
\c@Hy@tempcnt=\count304
(/Users/aliciac/Library/TinyTeX/texmf-dist/tex/latex/url/url.sty
\Urlmuskip=\muskip18
Package: url 2013/09/16  ver 3.4  Verb mode for urls, etc.
)
LaTeX Info: Redefining \url on input line 4805.
\XeTeXLinkMargin=\dimen169
(/Users/aliciac/Library/TinyTeX/texmf-dist/tex/generic/bitset/bitset.sty
Package: bitset 2019/12/09 v1.3 Handle bit-vector datatype (HO)
(/Users/aliciac/Library/TinyTeX/texmf-dist/tex/generic/bigintcalc/bigintcalc.sty
Package: bigintcalc 2019/12/15 v1.5 Expandable calculations on big integers (HO)
))
\Fld@menulength=\count305
\Field@Width=\dimen170
\Fld@charsize=\dimen171
Package hyperref Info: Hyper figures OFF on input line 6091.
Package hyperref Info: Link nesting OFF on input line 6096.
Package hyperref Info: Hyper index ON on input line 6099.
Package hyperref Info: backreferencing OFF on input line 6106.
Package hyperref Info: Link coloring OFF on input line 6111.
Package hyperref Info: Link coloring with OCG OFF on input line 6116.
Package hyperref Info: PDF/A mode OFF on input line 6121.
\Hy@abspage=\count306
\c@Item=\count307
\c@Hfootnote=\count308
)
Package hyperref Info: Driver (autodetected): hpdftex.
(/Users/aliciac/Library/TinyTeX/texmf-dist/tex/latex/hyperref/hpdftex.def
File: hpdftex.def 2026-04-24 v7.01q Hyperref driver for pdfTeX
\Fld@listcount=\count309
\c@bookmark@seq@number=\count310
(/Users/aliciac/Library/TinyTeX/texmf-dist/tex/latex/rerunfilecheck/rerunfilecheck.sty
Package: rerunfilecheck 2025-06-21 v1.11 Rerun checks for auxiliary files (HO)
(/Users/aliciac/Library/TinyTeX/texmf-dist/tex/generic/uniquecounter/uniquecounter.sty
Package: uniquecounter 2019/12/15 v1.4 Provide unlimited unique counter (HO)
)
Package uniquecounter Info: New unique counter `rerunfilecheck' on input line 284.
)
\Hy@SectionHShift=\skip54
)
Package hyperref Info: Option `unicode' set `true' on input line 33.
Package hyperref Info: Option `breaklinks' set `true' on input line 33.
(/Users/aliciac/Library/TinyTeX/texmf-dist/tex/latex/xcolor/xcolor.sty
Package: xcolor 2024/09/29 v3.02 LaTeX color extensions (UK)
(/Users/aliciac/Library/TinyTeX/texmf-dist/tex/latex/graphics-cfg/color.cfg
File: color.cfg 2016/01/02 v1.6 sample color configuration
)

Package xcolor Warning: Package option `usenames' is obsolete and ignored on input line 265.

Package xcolor Info: Driver file: pdftex.def on input line 274.
(/Users/aliciac/Library/TinyTeX/texmf-dist/tex/latex/graphics-def/pdftex.def
File: pdftex.def 2025/09/29 v1.2d Graphics/color driver for pdftex
) (/Users/aliciac/Library/TinyTeX/texmf-dist/tex/latex/graphics/mathcolor.ltx)
Package xcolor Info: Model `cmy' substituted by `cmy0' on input line 1349.
Package xcolor Info: Model `hsb' substituted by `rgb' on input line 1353.
Package xcolor Info: Model `RGB' extended on input line 1365.
Package xcolor Info: Model `HTML' substituted by `rgb' on input line 1367.
Package xcolor Info: Model `Hsb' substituted by `hsb' on input line 1368.
Package xcolor Info: Model `tHsb' substituted by `hsb' on input line 1369.
Package xcolor Info: Model `HSB' substituted by `hsb' on input line 1370.
Package xcolor Info: Model `Gray' substituted by `gray' on input line 1371.
Package xcolor Info: Model `wave' substituted by `hsb' on input line 1372.
) (/Users/aliciac/Library/TinyTeX/texmf-dist/tex/latex/graphics/dvipsnam.def
File: dvipsnam.def 2016/06/17 v3.0m Driver-dependent file (DPC,SPQR)
) (/Users/aliciac/Library/TinyTeX/texmf-dist/tex/latex/fancyvrb/fancyvrb.sty
Package: fancyvrb 2026/04/16 4.6a verbatim text (tvz,hv)
\FV@CodeLineNo=\count311
\FV@InFile=\read2
\FV@TabBox=\box55
\c@FancyVerbLine=\count312
\FV@StepNumber=\count313
\FV@OutFile=\write3
) (/Users/aliciac/Library/TinyTeX/texmf-dist/tex/latex/framed/framed.sty
Package: framed 2011/10/22 v 0.96: framed or shaded text with page breaks
\OuterFrameSep=\skip55
\fb@frw=\dimen172
\fb@frh=\dimen173
\FrameRule=\dimen174
\FrameSep=\dimen175
) (/Users/aliciac/Library/TinyTeX/texmf-dist/tex/generic/babel/babel.sty
Package: babel 2026/04/15 v26.6 The multilingual framework for LuaLaTeX, pdfLaTeX and XeLaTeX
\babel@savecnt=\count314
LaTeX Encoding Info:    Redeclaring text command \ij (encoding OT1) on input line 2078.
LaTeX Encoding Info:    Redeclaring text command \IJ (encoding OT1) on input line 2080.
LaTeX Encoding Info:    Redeclaring text command \ij (encoding T1) on input line 2082.
LaTeX Encoding Info:    Redeclaring text command \IJ (encoding T1) on input line 2083.
LaTeX Encoding Info:    Ignoring declaration for text command \ij (encoding ?) on input line 2084.
LaTeX Encoding Info:    Ignoring declaration for text command \IJ (encoding ?) on input line 2086.
LaTeX Encoding Info:    Ignoring declaration for text command \SS (encoding ?) on input line 2111.
\U@D=\dimen176
\l@unhyphenated=\language4
(/Users/aliciac/Library/TinyTeX/texmf-dist/tex/generic/babel/txtbabel.def)
\bbl@readstream=\read3
\bbl@dirlevel=\count315
(/Users/aliciac/Library/TinyTeX/texmf-dist/tex/generic/babel/locale/es/babel-spanish.tex)
Package babel Info: Importing font and identification data for spanish
(babel)             from babel-es.ini. Reported on input line 4330.
(./spanish.ldf
Language: spanish.ldf 2021/05/27 v5.0q Spanish support from the babel system
\es@quottoks=\toks27
\es@quotdepth=\count316
))
LaTeX Encoding Info:    Redeclaring text command \guillemotleft (encoding OT1) on input line 122.
LaTeX Encoding Info:    Redeclaring text command \guillemotright (encoding OT1) on input line 122.
(./flexbib.sty
Package: flexbib 2018/09/15 v. 1.999
(./spanishbst.tex) (./spanishbst.tex)
\bibhang=\skip56
\bibsep=\skip57
LaTeX Info: Redefining \cite on input line 448.
\c@NAT@ctr=\count317
(./tfe_principal.bbl
LaTeX Encoding Info:    Ignoring declaration for text command \guillemotleft (encoding OT1) on input line 3.
LaTeX Encoding Info:    Ignoring declaration for text command \guillemotright (encoding OT1) on input line 3.
)) (/Users/aliciac/Library/TinyTeX/texmf-dist/tex/latex/float/float.sty
Package: float 2001/11/08 v1.3d Float enhancements (AL)
\c@float@type=\count318
\float@exts=\toks28
\float@box=\box56
\@float@everytoks=\toks29
\@floatcapt=\box57
) (/Users/aliciac/Library/TinyTeX/texmf-dist/tex/latex/placeins/placeins.sty
Package: placeins 2005/04/18  v 2.2
) (/Users/aliciac/Library/TinyTeX/texmf-dist/tex/latex/fancyhdr/fancyhdr.sty
Package: fancyhdr 2025/02/07 v5.2 Extensive control of page headers and footers
\f@nch@headwidth=\skip58
\f@nch@offset@elh=\skip59
\f@nch@offset@erh=\skip60
\f@nch@offset@olh=\skip61
\f@nch@offset@orh=\skip62
\f@nch@offset@elf=\skip63
\f@nch@offset@erf=\skip64
\f@nch@offset@olf=\skip65
\f@nch@offset@orf=\skip66
\f@nch@height=\skip67
\f@nch@footalignment=\skip68
\f@nch@widthL=\skip69
\f@nch@widthC=\skip70
\f@nch@widthR=\skip71
\@temptokenb=\toks30
) (/Users/aliciac/Library/TinyTeX/texmf-dist/tex/latex/chngcntr/chngcntr.sty
Package: chngcntr 2018/04/09 v1.1a change counter resetting
) (/Users/aliciac/Library/TinyTeX/texmf-dist/tex/latex/base/fontenc.sty
Package: fontenc 2025/07/18 v2.1d Standard LaTeX package
) (/Users/aliciac/Library/TinyTeX/texmf-dist/tex/latex/pdfpages/pdfpages.sty
Package: pdfpages 2026/03/30 v0.6h Insert pages of external PDF documents (AM)
(/Users/aliciac/Library/TinyTeX/texmf-dist/tex/latex/base/ifthen.sty
Package: ifthen 2024/03/16 v1.1e Standard LaTeX ifthen package (DPC)
) (/Users/aliciac/Library/TinyTeX/texmf-dist/tex/latex/tools/calc.sty
Package: calc 2025/03/01 v4.3b Infix arithmetic (KKT,FJ)
\calc@Acount=\count319
\calc@Bcount=\count320
\calc@Adimen=\dimen177
\calc@Bdimen=\dimen178
\calc@Askip=\skip72
\calc@Bskip=\skip73
LaTeX Info: Redefining \setlength on input line 86.
LaTeX Info: Redefining \addtolength on input line 87.
\calc@Ccount=\count321
\calc@Cskip=\skip74
) (/Users/aliciac/Library/TinyTeX/texmf-dist/tex/latex/eso-pic/eso-pic.sty
Package: eso-pic 2025/12/10 v3.0d eso-pic (RN)
\ESO@tempdima=\dimen179
\ESO@tempdimb=\dimen180
) (/Users/aliciac/Library/TinyTeX/texmf-dist/tex/latex/graphics/graphicx.sty
Package: graphicx 2024/12/31 v1.2e Enhanced LaTeX Graphics (DPC,SPQR)
(/Users/aliciac/Library/TinyTeX/texmf-dist/tex/latex/graphics/graphics.sty
Package: graphics 2024/08/06 v1.4g Standard LaTeX Graphics (DPC,SPQR)
(/Users/aliciac/Library/TinyTeX/texmf-dist/tex/latex/graphics/trig.sty
Package: trig 2023/12/02 v1.11 sin cos tan (DPC)
) (/Users/aliciac/Library/TinyTeX/texmf-dist/tex/latex/graphics-cfg/graphics.cfg
File: graphics.cfg 2016/06/04 v1.11 sample graphics configuration
)
Package graphics Info: Driver file: pdftex.def on input line 106.
)
\Gin@req@height=\dimen181
\Gin@req@width=\dimen182
)
\AM@pagewidth=\dimen183
\AM@pageheight=\dimen184
\AM@fboxrule=\dimen185
(/Users/aliciac/Library/TinyTeX/texmf-dist/tex/latex/pdfpages/pppdftex.def
File: pppdftex.def 2026/03/30 v0.6h Pdfpages driver for pdfTeX (AM)
)
\pdfpages@includegraphics@status=\count322
\AM@pagebox=\box58
\AM@global@opts=\toks31
\AM@pagecnt=\count323
\AM@toc@title=\toks32
\AM@lof@heading=\toks33
\c@AM@survey=\count324
\AM@templatesizebox=\box59
) (/Users/aliciac/Library/TinyTeX/texmf-dist/tex/latex/pgf/frontendlayer/tikz.sty (/Users/aliciac/Library/TinyTeX/texmf-dist/tex/latex/pgf/basiclayer/pgf.sty (/Users/aliciac/Library/TinyTeX/texmf-dist/tex/latex/pgf/utilities/pgfrcs.sty (/Users/aliciac/Library/TinyTeX/texmf-dist/tex/generic/pgf/utilities/pgfutil-common.tex
\pgfutil@everybye=\toks34
\pgfutil@tempdima=\dimen186
\pgfutil@tempdimb=\dimen187
) (/Users/aliciac/Library/TinyTeX/texmf-dist/tex/generic/pgf/utilities/pgfutil-latex.def
\pgfutil@abb=\box60
) (/Users/aliciac/Library/TinyTeX/texmf-dist/tex/generic/pgf/utilities/pgfrcs.code.tex (/Users/aliciac/Library/TinyTeX/texmf-dist/tex/generic/pgf/pgf.revision.tex)
Package: pgfrcs 2025-08-29 v3.1.11a (3.1.11a)
))
Package: pgf 2025-08-29 v3.1.11a (3.1.11a)
(/Users/aliciac/Library/TinyTeX/texmf-dist/tex/latex/pgf/basiclayer/pgfcore.sty (/Users/aliciac/Library/TinyTeX/texmf-dist/tex/latex/pgf/systemlayer/pgfsys.sty (/Users/aliciac/Library/TinyTeX/texmf-dist/tex/generic/pgf/systemlayer/pgfsys.code.tex
Package: pgfsys 2025-08-29 v3.1.11a (3.1.11a)
(/Users/aliciac/Library/TinyTeX/texmf-dist/tex/generic/pgf/utilities/pgfkeys.code.tex
\pgfkeys@pathtoks=\toks35
\pgfkeys@temptoks=\toks36
(/Users/aliciac/Library/TinyTeX/texmf-dist/tex/generic/pgf/utilities/pgfkeyslibraryfiltered.code.tex
\pgfkeys@tmptoks=\toks37
))
\pgf@x=\dimen188
\pgf@y=\dimen189
\pgf@xa=\dimen190
\pgf@ya=\dimen191
\pgf@xb=\dimen192
\pgf@yb=\dimen193
\pgf@xc=\dimen194
\pgf@yc=\dimen195
\pgf@xd=\dimen196
\pgf@yd=\dimen197
\w@pgf@writea=\write4
\r@pgf@reada=\read4
\c@pgf@counta=\count325
\c@pgf@countb=\count326
\c@pgf@countc=\count327
\c@pgf@countd=\count328
\t@pgf@toka=\toks38
\t@pgf@tokb=\toks39
\t@pgf@tokc=\toks40
\pgf@sys@id@count=\count329
(/Users/aliciac/Library/TinyTeX/texmf-dist/tex/generic/pgf/systemlayer/pgf.cfg
File: pgf.cfg 2025-08-29 v3.1.11a (3.1.11a)
)
Driver file for pgf: pgfsys-pdftex.def
(/Users/aliciac/Library/TinyTeX/texmf-dist/tex/generic/pgf/systemlayer/pgfsys-pdftex.def
File: pgfsys-pdftex.def 2025-08-29 v3.1.11a (3.1.11a)
(/Users/aliciac/Library/TinyTeX/texmf-dist/tex/generic/pgf/systemlayer/pgfsys-common-pdf.def
File: pgfsys-common-pdf.def 2025-08-29 v3.1.11a (3.1.11a)
))) (/Users/aliciac/Library/TinyTeX/texmf-dist/tex/generic/pgf/systemlayer/pgfsyssoftpath.code.tex
File: pgfsyssoftpath.code.tex 2025-08-29 v3.1.11a (3.1.11a)
\pgfsyssoftpath@smallbuffer@items=\count330
\pgfsyssoftpath@bigbuffer@items=\count331
) (/Users/aliciac/Library/TinyTeX/texmf-dist/tex/generic/pgf/systemlayer/pgfsysprotocol.code.tex
File: pgfsysprotocol.code.tex 2025-08-29 v3.1.11a (3.1.11a)
)) (/Users/aliciac/Library/TinyTeX/texmf-dist/tex/generic/pgf/basiclayer/pgfcore.code.tex
Package: pgfcore 2025-08-29 v3.1.11a (3.1.11a)
(/Users/aliciac/Library/TinyTeX/texmf-dist/tex/generic/pgf/math/pgfmath.code.tex (/Users/aliciac/Library/TinyTeX/texmf-dist/tex/generic/pgf/math/pgfmathutil.code.tex) (/Users/aliciac/Library/TinyTeX/texmf-dist/tex/generic/pgf/math/pgfmathparser.code.tex
\pgfmath@dimen=\dimen198
\pgfmath@count=\count332
\pgfmath@box=\box61
\pgfmath@toks=\toks41
\pgfmath@stack@operand=\toks42
\pgfmath@stack@operation=\toks43
) (/Users/aliciac/Library/TinyTeX/texmf-dist/tex/generic/pgf/math/pgfmathfunctions.code.tex) (/Users/aliciac/Library/TinyTeX/texmf-dist/tex/generic/pgf/math/pgfmathfunctions.basic.code.tex) (/Users/aliciac/Library/TinyTeX/texmf-dist/tex/generic/pgf/math/pgfmathfunctions.trigonometric.code.tex) (/Users/aliciac/Library/TinyTeX/texmf-dist/tex/generic/pgf/math/pgfmathfunctions.random.code.tex) (/Users/aliciac/Library/TinyTeX/texmf-dist/tex/generic/pgf/math/pgfmathfunctions.comparison.code.tex) (/Users/aliciac/Library/TinyTeX/texmf-dist/tex/generic/pgf/math/pgfmathfunctions.base.code.tex) (/Users/aliciac/Library/TinyTeX/texmf-dist/tex/generic/pgf/math/pgfmathfunctions.round.code.tex) (/Users/aliciac/Library/TinyTeX/texmf-dist/tex/generic/pgf/math/pgfmathfunctions.misc.code.tex) (/Users/aliciac/Library/TinyTeX/texmf-dist/tex/generic/pgf/math/pgfmathfunctions.integerarithmetics.code.tex) (/Users/aliciac/Library/TinyTeX/texmf-dist/tex/generic/pgf/math/pgfmathcalc.code.tex) (/Users/aliciac/Library/TinyTeX/texmf-dist/tex/generic/pgf/math/pgfmathfloat.code.tex
\c@pgfmathroundto@lastzeros=\count333
)) (/Users/aliciac/Library/TinyTeX/texmf-dist/tex/generic/pgf/math/pgfint.code.tex) (/Users/aliciac/Library/TinyTeX/texmf-dist/tex/generic/pgf/basiclayer/pgfcorepoints.code.tex
File: pgfcorepoints.code.tex 2025-08-29 v3.1.11a (3.1.11a)
\pgf@picminx=\dimen199
\pgf@picmaxx=\dimen256
\pgf@picminy=\dimen257
\pgf@picmaxy=\dimen258
\pgf@pathminx=\dimen259
\pgf@pathmaxx=\dimen260
\pgf@pathminy=\dimen261
\pgf@pathmaxy=\dimen262
\pgf@xx=\dimen263
\pgf@xy=\dimen264
\pgf@yx=\dimen265
\pgf@yy=\dimen266
\pgf@zx=\dimen267
\pgf@zy=\dimen268
) (/Users/aliciac/Library/TinyTeX/texmf-dist/tex/generic/pgf/basiclayer/pgfcorepathconstruct.code.tex
File: pgfcorepathconstruct.code.tex 2025-08-29 v3.1.11a (3.1.11a)
\pgf@path@lastx=\dimen269
\pgf@path@lasty=\dimen270
) (/Users/aliciac/Library/TinyTeX/texmf-dist/tex/generic/pgf/basiclayer/pgfcorepathusage.code.tex
File: pgfcorepathusage.code.tex 2025-08-29 v3.1.11a (3.1.11a)
\pgf@shorten@end@additional=\dimen271
\pgf@shorten@start@additional=\dimen272
) (/Users/aliciac/Library/TinyTeX/texmf-dist/tex/generic/pgf/basiclayer/pgfcorescopes.code.tex
File: pgfcorescopes.code.tex 2025-08-29 v3.1.11a (3.1.11a)
\pgfpic=\box62
\pgf@hbox=\box63
\pgf@layerbox@main=\box64
\pgf@picture@serial@count=\count334
) (/Users/aliciac/Library/TinyTeX/texmf-dist/tex/generic/pgf/basiclayer/pgfcoregraphicstate.code.tex
File: pgfcoregraphicstate.code.tex 2025-08-29 v3.1.11a (3.1.11a)
\pgflinewidth=\dimen273
) (/Users/aliciac/Library/TinyTeX/texmf-dist/tex/generic/pgf/basiclayer/pgfcoretransformations.code.tex
File: pgfcoretransformations.code.tex 2025-08-29 v3.1.11a (3.1.11a)
\pgf@pt@x=\dimen274
\pgf@pt@y=\dimen275
\pgf@pt@temp=\dimen276
) (/Users/aliciac/Library/TinyTeX/texmf-dist/tex/generic/pgf/basiclayer/pgfcorequick.code.tex
File: pgfcorequick.code.tex 2025-08-29 v3.1.11a (3.1.11a)
) (/Users/aliciac/Library/TinyTeX/texmf-dist/tex/generic/pgf/basiclayer/pgfcoreobjects.code.tex
File: pgfcoreobjects.code.tex 2025-08-29 v3.1.11a (3.1.11a)
) (/Users/aliciac/Library/TinyTeX/texmf-dist/tex/generic/pgf/basiclayer/pgfcorepathprocessing.code.tex
File: pgfcorepathprocessing.code.tex 2025-08-29 v3.1.11a (3.1.11a)
) (/Users/aliciac/Library/TinyTeX/texmf-dist/tex/generic/pgf/basiclayer/pgfcorearrows.code.tex
File: pgfcorearrows.code.tex 2025-08-29 v3.1.11a (3.1.11a)
\pgfarrowsep=\dimen277
) (/Users/aliciac/Library/TinyTeX/texmf-dist/tex/generic/pgf/basiclayer/pgfcoreshade.code.tex
File: pgfcoreshade.code.tex 2025-08-29 v3.1.11a (3.1.11a)
\pgf@max=\dimen278
\pgf@sys@shading@range@num=\count335
\pgf@shadingcount=\count336
) (/Users/aliciac/Library/TinyTeX/texmf-dist/tex/generic/pgf/basiclayer/pgfcoreimage.code.tex
File: pgfcoreimage.code.tex 2025-08-29 v3.1.11a (3.1.11a)
) (/Users/aliciac/Library/TinyTeX/texmf-dist/tex/generic/pgf/basiclayer/pgfcoreexternal.code.tex
File: pgfcoreexternal.code.tex 2025-08-29 v3.1.11a (3.1.11a)
\pgfexternal@startupbox=\box65
) (/Users/aliciac/Library/TinyTeX/texmf-dist/tex/generic/pgf/basiclayer/pgfcorelayers.code.tex
File: pgfcorelayers.code.tex 2025-08-29 v3.1.11a (3.1.11a)
) (/Users/aliciac/Library/TinyTeX/texmf-dist/tex/generic/pgf/basiclayer/pgfcoretransparency.code.tex
File: pgfcoretransparency.code.tex 2025-08-29 v3.1.11a (3.1.11a)
) (/Users/aliciac/Library/TinyTeX/texmf-dist/tex/generic/pgf/basiclayer/pgfcorepatterns.code.tex
File: pgfcorepatterns.code.tex 2025-08-29 v3.1.11a (3.1.11a)
) (/Users/aliciac/Library/TinyTeX/texmf-dist/tex/generic/pgf/basiclayer/pgfcorerdf.code.tex
File: pgfcorerdf.code.tex 2025-08-29 v3.1.11a (3.1.11a)
))) (/Users/aliciac/Library/TinyTeX/texmf-dist/tex/generic/pgf/modules/pgfmoduleshapes.code.tex
File: pgfmoduleshapes.code.tex 2025-08-29 v3.1.11a (3.1.11a)
\pgfnodeparttextbox=\box66
) (/Users/aliciac/Library/TinyTeX/texmf-dist/tex/generic/pgf/modules/pgfmoduleplot.code.tex
File: pgfmoduleplot.code.tex 2025-08-29 v3.1.11a (3.1.11a)
) (/Users/aliciac/Library/TinyTeX/texmf-dist/tex/latex/pgf/compatibility/pgfcomp-version-0-65.sty
Package: pgfcomp-version-0-65 2025-08-29 v3.1.11a (3.1.11a)
\pgf@nodesepstart=\dimen279
\pgf@nodesepend=\dimen280
) (/Users/aliciac/Library/TinyTeX/texmf-dist/tex/latex/pgf/compatibility/pgfcomp-version-1-18.sty
Package: pgfcomp-version-1-18 2025-08-29 v3.1.11a (3.1.11a)
)) (/Users/aliciac/Library/TinyTeX/texmf-dist/tex/latex/pgf/utilities/pgffor.sty (/Users/aliciac/Library/TinyTeX/texmf-dist/tex/latex/pgf/utilities/pgfkeys.sty (/Users/aliciac/Library/TinyTeX/texmf-dist/tex/generic/pgf/utilities/pgfkeys.code.tex)) (/Users/aliciac/Library/TinyTeX/texmf-dist/tex/latex/pgf/math/pgfmath.sty (/Users/aliciac/Library/TinyTeX/texmf-dist/tex/generic/pgf/math/pgfmath.code.tex)) (/Users/aliciac/Library/TinyTeX/texmf-dist/tex/generic/pgf/utilities/pgffor.code.tex
Package: pgffor 2025-08-29 v3.1.11a (3.1.11a)
\pgffor@iter=\dimen281
\pgffor@skip=\dimen282
\pgffor@stack=\toks44
\pgffor@toks=\toks45
)) (/Users/aliciac/Library/TinyTeX/texmf-dist/tex/generic/pgf/frontendlayer/tikz/tikz.code.tex
Package: tikz 2025-08-29 v3.1.11a (3.1.11a)
(/Users/aliciac/Library/TinyTeX/texmf-dist/tex/generic/pgf/libraries/pgflibraryplothandlers.code.tex
File: pgflibraryplothandlers.code.tex 2025-08-29 v3.1.11a (3.1.11a)
\pgf@plot@mark@count=\count337
\pgfplotmarksize=\dimen283
)
\tikz@lastx=\dimen284
\tikz@lasty=\dimen285
\tikz@lastxsaved=\dimen286
\tikz@lastysaved=\dimen287
\tikz@lastmovetox=\dimen288
\tikz@lastmovetoy=\dimen289
\tikzleveldistance=\dimen290
\tikzsiblingdistance=\dimen291
\tikz@figbox=\box67
\tikz@figbox@bg=\box68
\tikz@tempbox=\box69
\tikz@tempbox@bg=\box70
\tikztreelevel=\count338
\tikznumberofchildren=\count339
\tikznumberofcurrentchild=\count340
\tikz@fig@count=\count341
(/Users/aliciac/Library/TinyTeX/texmf-dist/tex/generic/pgf/modules/pgfmodulematrix.code.tex
File: pgfmodulematrix.code.tex 2025-08-29 v3.1.11a (3.1.11a)
\pgfmatrixcurrentrow=\count342
\pgfmatrixcurrentcolumn=\count343
\pgf@matrix@numberofcolumns=\count344
)
\tikz@expandcount=\count345
(/Users/aliciac/Library/TinyTeX/texmf-dist/tex/generic/pgf/frontendlayer/tikz/libraries/tikzlibrarytopaths.code.tex
File: tikzlibrarytopaths.code.tex 2025-08-29 v3.1.11a (3.1.11a)
))) (/Users/aliciac/Library/TinyTeX/texmf-dist/tex/latex/epigraph/epigraph.sty
Package: epigraph 2020/01/02 v1.5e typesetting epigraphs
(/Users/aliciac/Library/TinyTeX/texmf-dist/tex/latex/nextpage/nextpage.sty
Package: nextpage 2009/09/03 v1.1a additional page commands
)
\beforeepigraphskip=\skip75
\afterepigraphskip=\skip76
\epigraphwidth=\skip77
\epigraphrule=\skip78
) (./portadas/latex_paginatitulo_mod_ST02_add.sty) (./cpimod.sty) (./KTHEEtitlepage.sty
Package: KTHEEtitlepage 2004/09/21 KTH EE titlepage package
File: here_the_logos 2004/09/21 KTH logo English, BW
File: here_the_logos 2004/09/21 KTH logo Swedish, BW
File: here_the_logos 2004/09/21 KTH logo Swedish, colour
File: here_the_logos 2004/09/21 KTH logo Swedish, colour
\titlep@getextwidth=\skip79
\titlep@gewhitemargin=\skip80
\titlep@geleftmargin=\skip81
\titlep@gemarginsep=\skip82
\titlep@getextheight=\skip83
\titlep@getopmargin=\skip84
\tmpl@ngth=\skip85
) (/Users/aliciac/Library/TinyTeX/texmf-dist/tex/latex/emptypage/emptypage.sty
Package: emptypage 2010/05/30 v1.2 Suppress page numbers and headings on empty pages
) (/Users/aliciac/Library/TinyTeX/texmf-dist/tex/latex/lipsum/lipsum.sty (/Users/aliciac/Library/TinyTeX/texmf-dist/tex/latex/l3packages/l3keys2e/l3keys2e.sty (/Users/aliciac/Library/TinyTeX/texmf-dist/tex/latex/l3kernel/expl3.sty
Package: expl3 2026-03-20 L3 programming layer (loader) 
(/Users/aliciac/Library/TinyTeX/texmf-dist/tex/latex/l3backend/l3backend-pdftex.def
File: l3backend-pdftex.def 2026-02-18 L3 backend support: PDF output (pdfTeX)
\l__color_backend_stack_int=\count346
))
Package: l3keys2e 2025-10-09 LaTeX2e option processing using LaTeX3 keys
)
Package: lipsum 2021-09-20 v2.7 150 paragraphs of Lorem Ipsum dummy text
\g__lipsum_par_int=\count347
\l__lipsum_a_int=\count348
\l__lipsum_b_int=\count349
(/Users/aliciac/Library/TinyTeX/texmf-dist/tex/latex/lipsum/lipsum.ltd.tex)) (/Users/aliciac/Library/TinyTeX/texmf-dist/tex/latex/amscls/amsthm.sty
Package: amsthm 2020/05/29 v2.20.6
\thm@style=\toks46
\thm@bodyfont=\toks47
\thm@headfont=\toks48
\thm@notefont=\toks49
\thm@headpunct=\toks50
\thm@preskip=\skip86
\thm@postskip=\skip87
\thm@headsep=\skip88
\dth@everypar=\toks51
)
\c@dummy=\count350
\c@problem=\count351
\c@exerciseT=\count352
\c@exampleT=\count353
\c@vocabulary=\count354
\c@definitionT=\count355
(/Users/aliciac/Library/TinyTeX/texmf-dist/tex/latex/mdframed/mdframed.sty
Package: mdframed 2013/07/01 1.9b: mdframed
(/Users/aliciac/Library/TinyTeX/texmf-dist/tex/latex/l3packages/xparse/xparse.sty
Package: xparse 2025-10-09 L3 Experimental document command parser
) (/Users/aliciac/Library/TinyTeX/texmf-dist/tex/latex/zref/zref-abspage.sty
Package: zref-abspage 2026-03-07 v2.37 Module abspage for zref (HO)
(/Users/aliciac/Library/TinyTeX/texmf-dist/tex/latex/zref/zref-base.sty
Package: zref-base 2026-03-07 v2.37 Module base for zref (HO)
(/Users/aliciac/Library/TinyTeX/texmf-dist/tex/generic/etexcmds/etexcmds.sty
Package: etexcmds 2019/12/15 v1.7 Avoid name clashes with e-TeX commands (HO)
) (/Users/aliciac/Library/TinyTeX/texmf-dist/tex/latex/auxhook/auxhook.sty
Package: auxhook 2019-12-17 v1.6 Hooks for auxiliary files (HO)
)
Package zref Info: New property list: main on input line 767.
Package zref Info: New property: default on input line 768.
Package zref Info: New property: page on input line 769.
)
\c@abspage=\count356
Package zref Info: New property: abspage on input line 67.
) (/Users/aliciac/Library/TinyTeX/texmf-dist/tex/latex/needspace/needspace.sty
Package: needspace 2025/03/13 v1.3e reserve vertical space
)
\mdf@templength=\skip89
\c@mdf@globalstyle@cnt=\count357
\mdf@skipabove@length=\skip90
\mdf@skipbelow@length=\skip91
\mdf@leftmargin@length=\skip92
\mdf@rightmargin@length=\skip93
\mdf@innerleftmargin@length=\skip94
\mdf@innerrightmargin@length=\skip95
\mdf@innertopmargin@length=\skip96
\mdf@innerbottommargin@length=\skip97
\mdf@splittopskip@length=\skip98
\mdf@splitbottomskip@length=\skip99
\mdf@outermargin@length=\skip100
\mdf@innermargin@length=\skip101
\mdf@linewidth@length=\skip102
\mdf@innerlinewidth@length=\skip103
\mdf@middlelinewidth@length=\skip104
\mdf@outerlinewidth@length=\skip105
\mdf@roundcorner@length=\skip106
\mdf@footenotedistance@length=\skip107
\mdf@userdefinedwidth@length=\skip108
\mdf@needspace@length=\skip109
\mdf@frametitleaboveskip@length=\skip110
\mdf@frametitlebelowskip@length=\skip111
\mdf@frametitlerulewidth@length=\skip112
\mdf@frametitleleftmargin@length=\skip113
\mdf@frametitlerightmargin@length=\skip114
\mdf@shadowsize@length=\skip115
\mdf@extratopheight@length=\skip116
\mdf@subtitleabovelinewidth@length=\skip117
\mdf@subtitlebelowlinewidth@length=\skip118
\mdf@subtitleaboveskip@length=\skip119
\mdf@subtitlebelowskip@length=\skip120
\mdf@subtitleinneraboveskip@length=\skip121
\mdf@subtitleinnerbelowskip@length=\skip122
\mdf@subsubtitleabovelinewidth@length=\skip123
\mdf@subsubtitlebelowlinewidth@length=\skip124
\mdf@subsubtitleaboveskip@length=\skip125
\mdf@subsubtitlebelowskip@length=\skip126
\mdf@subsubtitleinneraboveskip@length=\skip127
\mdf@subsubtitleinnerbelowskip@length=\skip128
(/Users/aliciac/Library/TinyTeX/texmf-dist/tex/latex/mdframed/md-frame-0.mdf
File: md-frame-0.mdf 2013/07/01\ 1.9b: md-frame-0
)
\mdf@frametitlebox=\box71
\mdf@footnotebox=\box72
\mdf@splitbox@one=\box73
\mdf@splitbox@two=\box74
\mdf@splitbox@save=\box75
\mdfsplitboxwidth=\skip129
\mdfsplitboxtotalwidth=\skip130
\mdfsplitboxheight=\skip131
\mdfsplitboxdepth=\skip132
\mdfsplitboxtotalheight=\skip133
\mdfframetitleboxwidth=\skip134
\mdfframetitleboxtotalwidth=\skip135
\mdfframetitleboxheight=\skip136
\mdfframetitleboxdepth=\skip137
\mdfframetitleboxtotalheight=\skip138
\mdffootnoteboxwidth=\skip139
\mdffootnoteboxtotalwidth=\skip140
\mdffootnoteboxheight=\skip141
\mdffootnoteboxdepth=\skip142
\mdffootnoteboxtotalheight=\skip143
\mdftotallinewidth=\skip144
\mdfboundingboxwidth=\skip145
\mdfboundingboxtotalwidth=\skip146
\mdfboundingboxheight=\skip147
\mdfboundingboxdepth=\skip148
\mdfboundingboxtotalheight=\skip149
\mdf@freevspace@length=\skip150
\mdf@horizontalwidthofbox@length=\skip151
\mdf@verticalmarginwhole@length=\skip152
\mdf@horizontalspaceofbox=\skip153
\mdfsubtitleheight=\skip154
\mdfsubsubtitleheight=\skip155
\c@mdfcountframes=\count358

****** mdframed patching \endmdf@trivlist

****** -- success******

\mdf@envdepth=\count359
\c@mdf@env@i=\count360
\c@mdf@env@ii=\count361
\c@mdf@zref@counter=\count362
Package zref Info: New property: mdf@pagevalue on input line 895.
)
\c@notation=\count363
(/Users/aliciac/Library/TinyTeX/texmf-dist/tex/latex/tcolorbox/tcolorbox.sty
Package: tcolorbox 2025/11/28 version 6.9.0 text color boxes
(/Users/aliciac/Library/TinyTeX/texmf-dist/tex/latex/tools/verbatim.sty
Package: verbatim 2024-01-22 v1.5x LaTeX2e package for verbatim enhancements
\every@verbatim=\toks52
\verbatim@line=\toks53
\verbatim@in@stream=\read5
) (/Users/aliciac/Library/TinyTeX/texmf-dist/tex/latex/environ/environ.sty
Package: environ 2014/05/04 v0.3 A new way to define environments
(/Users/aliciac/Library/TinyTeX/texmf-dist/tex/latex/trimspaces/trimspaces.sty
Package: trimspaces 2009/09/17 v1.1 Trim spaces around a token list
))
\tcb@titlebox=\box76
\tcb@upperbox=\box77
\tcb@lowerbox=\box78
\tcb@phantombox=\box79
\c@tcbbreakpart=\count364
\c@tcblayer=\count365
\c@tcolorbox@number=\count366
\l__tcobox_tmpa_box=\box80
\l__tcobox_tmpa_dim=\dimen292
\tcb@temp=\box81
\tcb@temp=\box82
\tcb@temp=\box83
\tcb@temp=\box84
) (/Users/aliciac/Library/TinyTeX/texmf-dist/tex/latex/multirow/multirow.sty
Package: multirow 2024/11/12 v2.9 Span multiple rows of a table
\multirow@colwidth=\skip156
\multirow@cntb=\count367
\multirow@dima=\skip157
\bigstrutjot=\dimen293
) (/Users/aliciac/Library/TinyTeX/texmf-dist/tex/generic/pgf/frontendlayer/tikz/libraries/tikzlibrarytrees.code.tex
File: tikzlibrarytrees.code.tex 2025-08-29 v3.1.11a (3.1.11a)
) (/Users/aliciac/Library/TinyTeX/texmf-dist/tex/latex/tools/array.sty
Package: array 2025/09/25 v2.6n Tabular extension package (FMi)
\col@sep=\dimen294
\ar@mcellbox=\box85
\extrarowheight=\dimen295
\NC@list=\toks54
\extratabsurround=\skip158
\backup@length=\skip159
\ar@cellbox=\box86
) (/Users/aliciac/Library/TinyTeX/texmf-dist/tex/latex/wrapfig/wrapfig.sty
\wrapoverhang=\dimen296
\WF@size=\dimen297
\c@WF@wrappedlines=\count368
\WF@box=\box87
\WF@everypar=\toks55
Package: wrapfig 2003/01/31  v 3.6
) (/Users/aliciac/Library/TinyTeX/texmf-dist/tex/latex/colortbl/colortbl.sty
Package: colortbl 2024/10/29 v1.0k Color table columns (DPC)
\everycr=\toks56
\minrowclearance=\skip160
\rownum=\count369
) (/Users/aliciac/Library/TinyTeX/texmf-dist/tex/latex/pdflscape/pdflscape.sty
Package: pdflscape 2025-06-23 v0.14 Display of landscape pages in PDF
(/Users/aliciac/Library/TinyTeX/texmf-dist/tex/latex/pdflscape/pdflscape-nometadata.sty
Package: pdflscape-nometadata 2025-06-23 v0.14 Display of landscape pages in PDF (HO)
(/Users/aliciac/Library/TinyTeX/texmf-dist/tex/latex/graphics/lscape.sty
Package: lscape 2020/05/28 v3.02 Landscape Pages (DPC)
)
Package pdflscape Info: Auto-detected driver: pdftex on input line 81.
)) (/Users/aliciac/Library/TinyTeX/texmf-dist/tex/latex/tabu/tabu.sty
Package: tabu 2019/01/11 v2.9 - flexible LaTeX tabulars (FC+tabu-fixed)
(/Users/aliciac/Library/TinyTeX/texmf-dist/tex/latex/varwidth/varwidth.sty
Package: varwidth 2009/03/30 ver 0.92;  Variable-width minipages
\@vwid@box=\box88
\sift@deathcycles=\count370
\@vwid@loff=\dimen298
\@vwid@roff=\dimen299
)
==> First Aid for varwidth.sty applied!
\c@taburow=\count371
\tabu@nbcols=\count372
\tabu@cnt=\count373
\tabu@Xcol=\count374
\tabu@alloc=\count375
\tabu@nested=\count376
\tabu@target=\dimen300
\tabu@spreadtarget=\dimen301
\tabu@naturalX=\dimen302
\tabucolX=\dimen303
\tabu@Xsum=\dimen304
\extrarowdepth=\dimen305
\abovetabulinesep=\dimen306
\belowtabulinesep=\dimen307
\tabustrutrule=\dimen308
\tabu@thebody=\toks57
\tabu@footnotes=\toks58
\tabu@box=\box89
\tabu@arstrutbox=\box90
\tabu@hleads=\box91
\tabu@vleads=\box92
\tabu@cellskip=\skip161
) (/Users/aliciac/Library/TinyTeX/texmf-dist/tex/latex/threeparttable/threeparttable.sty
Package: threeparttable 2003/06/13  v 3.0
\@tempboxb=\box93
) (/Users/aliciac/Library/TinyTeX/texmf-dist/tex/latex/subfig/subfig.sty
Package: subfig 2005/06/28 ver: 1.3 subfig package
(/Users/aliciac/Library/TinyTeX/texmf-dist/tex/latex/caption/caption.sty
Package: caption 2023/08/05 v3.6o Customizing captions (AR)
(/Users/aliciac/Library/TinyTeX/texmf-dist/tex/latex/caption/caption3.sty
Package: caption3 2023/07/31 v2.4d caption3 kernel (AR)
\caption@tempdima=\dimen309
\captionmargin=\dimen310
\caption@leftmargin=\dimen311
\caption@rightmargin=\dimen312
\caption@width=\dimen313
\caption@indent=\dimen314
\caption@parindent=\dimen315
\caption@hangindent=\dimen316
Package caption Info: Standard document class detected.
)
\c@caption@flags=\count377
\c@continuedfloat=\count378
Package caption Info: float package is loaded.
Package caption Info: hyperref package is loaded.
Package caption Info: threeparttable package is loaded.
Package caption Info: wrapfig package is loaded.
)
\c@KVtest=\count379
\sf@farskip=\skip162
\sf@captopadj=\dimen317
\sf@capskip=\skip163
\sf@nearskip=\skip164
\c@subfigure=\count380
\c@subfigure@save=\count381
\c@lofdepth=\count382
\c@subtable=\count383
\c@subtable@save=\count384
\c@lotdepth=\count385
\sf@top=\skip165
\sf@bottom=\skip166
) (/Users/aliciac/Library/TinyTeX/texmf-dist/tex/latex/tools/dcolumn.sty
Package: dcolumn 2025/10/21 v1.06 decimal alignment package (DPC)
) (/Users/aliciac/Library/TinyTeX/texmf-dist/tex/latex/graphics/rotating.sty
Package: rotating 2025/01/14 v2.16e rotated objects in LaTeX
\c@r@tfl@t=\count386
\rotFPtop=\skip167
\rotFPbot=\skip168
\rot@float@box=\box94
\rot@mess@toks=\toks59
) (/Users/aliciac/Library/TinyTeX/texmf-dist/tex/latex/realboxes/realboxes.sty
Package: realboxes 2011/08/08 v0.2 Change box commands to read there content as real boxes
(/Users/aliciac/Library/TinyTeX/texmf-dist/tex/latex/collectbox/collectbox.sty
Package: collectbox 2022/10/17 v0.4c Collect macro arguments as boxes
\collectedbox=\box95
)) (/Users/aliciac/Library/TinyTeX/texmf-dist/tex/latex/booktabs/booktabs.sty
Package: booktabs 2020/01/12 v1.61803398 Publication quality tables
\heavyrulewidth=\dimen318
\lightrulewidth=\dimen319
\cmidrulewidth=\dimen320
\belowrulesep=\dimen321
\belowbottomsep=\dimen322
\aboverulesep=\dimen323
\abovetopsep=\dimen324
\cmidrulesep=\dimen325
\cmidrulekern=\dimen326
\defaultaddspace=\dimen327
\@cmidla=\count387
\@cmidlb=\count388
\@aboverulesep=\dimen328
\@belowrulesep=\dimen329
\@thisruleclass=\count389
\@lastruleclass=\count390
\@thisrulewidth=\dimen330
) (/Users/aliciac/Library/TinyTeX/texmf-dist/tex/latex/tools/longtable.sty
Package: longtable 2025-10-13 v4.24 Multi-page Table package (DPC)
\LTleft=\skip169
\LTright=\skip170
\LTpre=\skip171
\LTpost=\skip172
\LTchunksize=\count391
\LTcapwidth=\dimen331
\LT@head=\box96
\LT@firsthead=\box97
\LT@foot=\box98
\LT@lastfoot=\box99
\LT@gbox=\box100
\LT@cols=\count392
\LT@rows=\count393
\c@LT@tables=\count394
\c@LT@chunks=\count395
\LT@p@ftn=\toks60
) (/Users/aliciac/Library/TinyTeX/texmf-dist/tex/latex/threeparttablex/threeparttablex.sty
Package: threeparttablex 2013/07/23 v0.3 by daleif
\TPTL@width=\skip173
) (/Users/aliciac/Library/TinyTeX/texmf-dist/tex/generic/ulem/ulem.sty
\UL@box=\box101
\UL@hyphenbox=\box102
\UL@skip=\skip174
\UL@hook=\toks61
\UL@height=\dimen332
\UL@pe=\count396
\UL@pixel=\dimen333
\ULC@box=\box103
Package: ulem 2019/11/18
\ULdepth=\dimen334
) (/Users/aliciac/Library/TinyTeX/texmf-dist/tex/latex/makecell/makecell.sty
Package: makecell 2009/08/03 V0.1e Managing of Tab Column Heads and Cells
\rotheadsize=\dimen335
\c@nlinenum=\count397
\TeXr@lab=\toks62
) (./tfe_principal.aux
LaTeX Info: Redefining \. on input line 9.
LaTeX Info: Redefining \% on input line 9.
Package babel Info: 'spanish' activates 'spanish' shorthands.
(babel)             Reported on input line 9.

LaTeX Warning: Label `fig:arbol_juego' multiply defined.


LaTeX Warning: Label `tab:EIE' multiply defined.


LaTeX Warning: Label `tab:EIE' multiply defined.


LaTeX Warning: Label `tab:EID' multiply defined.


LaTeX Warning: Label `tab:EID' multiply defined.


LaTeX Warning: Label `tab:EID' multiply defined.


LaTeX Warning: Label `tab:dilema_prisionero' multiply defined.


LaTeX Warning: Label `tab:dilema_prisionero' multiply defined.


LaTeX Warning: Label `fig:subjuego_propios' multiply defined.

)
\openout1 = `tfe_principal.aux'.

LaTeX Font Info:    Checking defaults for OML/cmm/m/it on input line 551.
LaTeX Font Info:    ... okay on input line 551.
LaTeX Font Info:    Checking defaults for OMS/cmsy/m/n on input line 551.
LaTeX Font Info:    ... okay on input line 551.
LaTeX Font Info:    Checking defaults for OT1/cmr/m/n on input line 551.
LaTeX Font Info:    ... okay on input line 551.
LaTeX Font Info:    Checking defaults for T1/cmr/m/n on input line 551.
LaTeX Font Info:    ... okay on input line 551.
LaTeX Font Info:    Checking defaults for TS1/cmr/m/n on input line 551.
LaTeX Font Info:    ... okay on input line 551.
LaTeX Font Info:    Checking defaults for OMX/cmex/m/n on input line 551.
LaTeX Font Info:    ... okay on input line 551.
LaTeX Font Info:    Checking defaults for U/cmr/m/n on input line 551.
LaTeX Font Info:    ... okay on input line 551.
LaTeX Font Info:    Checking defaults for PD1/pdf/m/n on input line 551.
LaTeX Font Info:    ... okay on input line 551.
LaTeX Font Info:    Checking defaults for PU/pdf/m/n on input line 551.
LaTeX Font Info:    ... okay on input line 551.
*geometry* driver: auto-detecting
*geometry* detected driver: pdftex
*geometry* verbose mode - [ preamble ] result:
* driver: pdftex
* paper: a4paper
* layout: <same size as paper>
* layoutoffset:(h,v)=(0.0pt,0.0pt)
* modes: twoside 
* h-part:(L,W,R)=(71.13188pt, 455.24411pt, 71.13188pt)
* v-part:(T,H,B)=(71.13188pt, 702.78308pt, 71.13188pt)
* \paperwidth=597.50787pt
* \paperheight=845.04684pt
* \textwidth=455.24411pt
* \textheight=702.78308pt
* \oddsidemargin=-1.1381pt
* \evensidemargin=-1.1381pt
* \topmargin=-33.0119pt
* \headheight=12.0pt
* \headsep=19.8738pt
* \topskip=12.0pt
* \footskip=30.0pt
* \marginparwidth=88.0pt
* \marginparsep=7.0pt
* \columnsep=10.0pt
* \skip\footins=10.8pt plus 4.0pt minus 2.0pt
* \hoffset=0.0pt
* \voffset=0.0pt
* \mag=1000
* \@twocolumnfalse
* \@twosidetrue
* \@mparswitchtrue
* \@reversemarginfalse
* (1in=72.27pt=25.4mm, 1cm=28.453pt)

Package hyperref Info: Link coloring OFF on input line 551.
(./tfe_principal.out) (./tfe_principal.out)
\@outlinefile=\write5
\openout5 = `tfe_principal.out'.

(/Users/aliciac/Library/TinyTeX/texmf-dist/tex/latex/epstopdf-pkg/epstopdf-base.sty
Package: epstopdf-base 2020-01-24 v2.11 Base part for package epstopdf
Package epstopdf-base Info: Redefining graphics rule for `.eps' on input line 485.
(/Users/aliciac/Library/TinyTeX/texmf-dist/tex/latex/latexconfig/epstopdf-sys.cfg
File: epstopdf-sys.cfg 2010/07/13 v1.3 Configuration of (r)epstopdf for TeX Live
))
LaTeX Info: Redefining \. on input line 551.
LaTeX Info: Redefining \% on input line 551.
Package caption Info: Begin \AtBeginDocument code.
Package caption Info: subfig package v1.3 is loaded.
Package caption Info: longtable package is loaded.
(/Users/aliciac/Library/TinyTeX/texmf-dist/tex/latex/caption/ltcaption.sty
Package: ltcaption 2021/01/08 v1.4c longtable captions (AR)
)
Package caption Info: rotating package is loaded.
Package caption Info: End \AtBeginDocument code.
<logo.png, id=167, 301.125pt x 262.9825pt>
File: logo.png Graphic file (type png)
<use logo.png>
Package pdftex.def Info: logo.png  used on input line 609.
(pdftex.def)             Requested size: 170.71652pt x 149.09901pt.
[1


{/Users/aliciac/Library/TinyTeX/texmf-var/fonts/map/pdftex/updmap/pdftex.map}{/Users/aliciac/Library/TinyTeX/texmf-dist/fonts/enc/dvips/lm/lm-ec.enc} <./logo.png>] [2

] (./tfe_principal.toc
LaTeX Info: Redefining \. on input line 1.
LaTeX Info: Redefining \% on input line 1.
LaTeX Font Info:    Trying to load font information for OT1+lmr on input line 2.
(/Users/aliciac/Library/TinyTeX/texmf-dist/tex/latex/lm/ot1lmr.fd
File: ot1lmr.fd 2015/05/01 v1.6.1 Font defs for Latin Modern
)
LaTeX Font Info:    Trying to load font information for OML+lmm on input line 2.
(/Users/aliciac/Library/TinyTeX/texmf-dist/tex/latex/lm/omllmm.fd
File: omllmm.fd 2015/05/01 v1.6.1 Font defs for Latin Modern
)
LaTeX Font Info:    Trying to load font information for OMS+lmsy on input line 2.
(/Users/aliciac/Library/TinyTeX/texmf-dist/tex/latex/lm/omslmsy.fd
File: omslmsy.fd 2015/05/01 v1.6.1 Font defs for Latin Modern
)
LaTeX Font Info:    Trying to load font information for OMX+lmex on input line 2.
(/Users/aliciac/Library/TinyTeX/texmf-dist/tex/latex/lm/omxlmex.fd
File: omxlmex.fd 2015/05/01 v1.6.1 Font defs for Latin Modern
)
LaTeX Font Info:    External font `lmex10' loaded for size
(Font)              <12> on input line 2.
LaTeX Font Info:    External font `lmex10' loaded for size
(Font)              <8> on input line 2.
LaTeX Font Info:    External font `lmex10' loaded for size
(Font)              <6> on input line 2.
LaTeX Font Info:    Trying to load font information for U+msa on input line 2.
(/Users/aliciac/Library/TinyTeX/texmf-dist/tex/latex/amsfonts/umsa.fd
File: umsa.fd 2013/01/14 v3.01 AMS symbols A
)
LaTeX Font Info:    Trying to load font information for U+msb on input line 2.
(/Users/aliciac/Library/TinyTeX/texmf-dist/tex/latex/amsfonts/umsb.fd
File: umsb.fd 2013/01/14 v3.01 AMS symbols B
) [1

])
\tf@toc=\write6
\openout6 = `tfe_principal.toc'.

[2] [3

] [4

] (./tfe_principal.lof
LaTeX Info: Redefining \. on input line 1.
LaTeX Info: Redefining \% on input line 1.
)
\tf@lof=\write7
\openout7 = `tfe_principal.lof'.

[5


{/Users/aliciac/Library/TinyTeX/texmf-dist/fonts/enc/dvips/lm/lm-rm.enc}{/Users/aliciac/Library/TinyTeX/texmf-dist/fonts/enc/dvips/lm/lm-mathit.enc}] [6

] (./tfe_principal.lot
LaTeX Info: Redefining \. on input line 1.
LaTeX Info: Redefining \% on input line 1.
)
\tf@lot=\write8
\openout8 = `tfe_principal.lot'.

[7

] [8

]
Cap\'{\i }tulo 1.

pdfTeX warning (ext4): destination with the same identifier (name{page.1}) has been already used, duplicate ignored
<to be read again> 
                   \relax 
l.842 T
       ambién tiene un papel importante en los sistemas energéticos y de [1

]
LaTeX Info: Redefining \. on input line 924.
LaTeX Info: Redefining \% on input line 924.
Package babel Info: 'spanish' activates 'spanish' shorthands.
(babel)             Reported on input line 924.

pdfTeX warning (ext4): destination with the same identifier (name{page.2}) has been already used, duplicate ignored
<to be read again> 
                   \relax 
l.924 \chapter
              {Fundamentos de la Teoría de [2]
Cap\'{\i }tulo 2.
[3

]
LaTeX Info: Redefining \. on input line 1053.
LaTeX Info: Redefining \% on input line 1053.
LaTeX Info: Redefining \. on input line 1053.
LaTeX Info: Redefining \% on input line 1053.
[4{/Users/aliciac/Library/TinyTeX/texmf-dist/fonts/enc/dvips/lm/lm-mathsy.enc}{/Users/aliciac/Library/TinyTeX/texmf-dist/fonts/enc/dvips/lm/lm-mathex.enc}]
LaTeX Info: Redefining \. on input line 1120.
LaTeX Info: Redefining \% on input line 1120.
LaTeX Info: Redefining \. on input line 1120.
LaTeX Info: Redefining \% on input line 1120.
[5]
LaTeX Info: Redefining \. on input line 1186.
LaTeX Info: Redefining \% on input line 1186.
LaTeX Info: Redefining \. on input line 1186.
LaTeX Info: Redefining \% on input line 1186.
[6]
LaTeX Info: Redefining \. on input line 1307.
LaTeX Info: Redefining \% on input line 1307.
LaTeX Info: Redefining \. on input line 1307.
LaTeX Info: Redefining \% on input line 1307.
[7]
LaTeX Info: Redefining \. on input line 1327.
LaTeX Info: Redefining \% on input line 1327.
LaTeX Info: Redefining \. on input line 1327.
LaTeX Info: Redefining \% on input line 1327.
[8]
Underfull \hbox (badness 10000) in paragraph at lines 1347--1348

 []

<arbol_juego.png, id=381, 432.61626pt x 243.91125pt>
File: arbol_juego.png Graphic file (type png)
<use arbol_juego.png>
Package pdftex.def Info: arbol_juego.png  used on input line 1355.
(pdftex.def)             Requested size: 254.37029pt x 143.4151pt.

Underfull \hbox (badness 10000) in paragraph at lines 1363--1364

 []

<arbol_juego2.png, id=384, 241.90375pt x 160.6pt>
File: arbol_juego2.png Graphic file (type png)
<use arbol_juego2.png>
Package pdftex.def Info: arbol_juego2.png  used on input line 1373.
(pdftex.def)             Requested size: 254.37029pt x 168.88492pt.
LaTeX Info: Redefining \. on input line 1405.
LaTeX Info: Redefining \% on input line 1405.
LaTeX Info: Redefining \. on input line 1405.
LaTeX Info: Redefining \% on input line 1405.
[9 <./arbol_juego.png>]
LaTeX Info: Redefining \. on input line 1434.
LaTeX Info: Redefining \% on input line 1434.
LaTeX Info: Redefining \. on input line 1434.
LaTeX Info: Redefining \% on input line 1434.
[10 <./arbol_juego2.png>]
Cap\'{\i }tulo 3.
[11

]
Underfull \hbox (badness 10000) in paragraph at lines 1540--1541

 []

LaTeX Info: Redefining \. on input line 1587.
LaTeX Info: Redefining \% on input line 1587.
LaTeX Info: Redefining \. on input line 1587.
LaTeX Info: Redefining \% on input line 1587.
[12]
LaTeX Info: Redefining \. on input line 1610.
LaTeX Info: Redefining \% on input line 1610.
LaTeX Info: Redefining \. on input line 1610.
LaTeX Info: Redefining \% on input line 1610.
[13]
LaTeX Font Info:    Trying to load font information for TS1+lmr on input line 1649.
(/Users/aliciac/Library/TinyTeX/texmf-dist/tex/latex/lm/ts1lmr.fd
File: ts1lmr.fd 2015/05/01 v1.6.1 Font defs for Latin Modern
)
Underfull \hbox (badness 10000) in paragraph at lines 1670--1671

 []

LaTeX Info: Redefining \. on input line 1726.
LaTeX Info: Redefining \% on input line 1726.
LaTeX Info: Redefining \. on input line 1726.
LaTeX Info: Redefining \% on input line 1726.
[14{/Users/aliciac/Library/TinyTeX/texmf-dist/fonts/enc/dvips/lm/lm-ts1.enc}]
LaTeX Info: Redefining \. on input line 1734.
LaTeX Info: Redefining \% on input line 1734.
LaTeX Info: Redefining \. on input line 1734.
LaTeX Info: Redefining \% on input line 1734.
[15]
Package mdframed Info: mdframed works in twoside mode on input line 1760.
Package mdframed Info: mdframed detected package amsthm 
 changed the theorem header of amsthm
(mdframed)              on input line 1760.

Underfull \hbox (badness 10000) in paragraph at lines 1761--1762

 []

Package mdframed Info: Box was splittet wrong
 starting loop to iterate the splitting point
(mdframed)              on input line 1824.
LaTeX Info: Redefining \. on input line 1824.
LaTeX Info: Redefining \% on input line 1824.
LaTeX Info: Redefining \. on input line 1824.
LaTeX Info: Redefining \% on input line 1824.
[16]
LaTeX Info: Redefining \. on input line 1858.
LaTeX Info: Redefining \% on input line 1858.
LaTeX Info: Redefining \. on input line 1858.
LaTeX Info: Redefining \% on input line 1858.
[17]
LaTeX Info: Redefining \. on input line 1943.
LaTeX Info: Redefining \% on input line 1943.
LaTeX Info: Redefining \. on input line 1943.
LaTeX Info: Redefining \% on input line 1943.
[18]
Underfull \hbox (badness 10000) in paragraph at lines 1954--1955

 []

LaTeX Info: Redefining \. on input line 2006.
LaTeX Info: Redefining \% on input line 2006.
LaTeX Info: Redefining \. on input line 2006.
LaTeX Info: Redefining \% on input line 2006.
[19]
Package mdframed Info: mdframed works in twoside mode on input line 2045.
Package mdframed Info: mdframed detected package amsthm 
 changed the theorem header of amsthm
(mdframed)              on input line 2045.

Underfull \hbox (badness 10000) in paragraph at lines 2047--2049

 []


Underfull \hbox (badness 10000) in paragraph at lines 2050--2051

 []

LaTeX Font Info:    External font `lmex10' loaded for size
(Font)              <10.95> on input line 2053.

Underfull \hbox (badness 10000) in paragraph at lines 2055--2056

 []


Underfull \hbox (badness 10000) in paragraph at lines 2057--2059

 []

Package mdframed Info: Box was splittet wrong
 starting loop to iterate the splitting point
(mdframed)              on input line 2095.
LaTeX Info: Redefining \. on input line 2095.
LaTeX Info: Redefining \% on input line 2095.
LaTeX Info: Redefining \. on input line 2095.
LaTeX Info: Redefining \% on input line 2095.
[20]
LaTeX Info: Redefining \. on input line 2106.
LaTeX Info: Redefining \% on input line 2106.
LaTeX Info: Redefining \. on input line 2106.
LaTeX Info: Redefining \% on input line 2106.
[21]
Package mdframed Info: mdframed works in twoside mode on input line 2153.
Package mdframed Info: mdframed detected package amsthm 
 changed the theorem header of amsthm
(mdframed)              on input line 2153.
<Correspondencia_Cournot.png, id=466, 604.2575pt x 474.77374pt>
File: Correspondencia_Cournot.png Graphic file (type png)
<use Correspondencia_Cournot.png>
Package pdftex.def Info: Correspondencia_Cournot.png  used on input line 2211.
(pdftex.def)             Requested size: 215.62206pt x 169.41881pt.
Package mdframed Info: Box was splittet wrong
 starting loop to iterate the splitting point
(mdframed)              on input line 2216.
LaTeX Info: Redefining \. on input line 2216.
LaTeX Info: Redefining \% on input line 2216.
LaTeX Info: Redefining \. on input line 2216.
LaTeX Info: Redefining \% on input line 2216.
[22]
LaTeX Info: Redefining \. on input line 2223.
LaTeX Info: Redefining \% on input line 2223.
LaTeX Info: Redefining \. on input line 2223.
LaTeX Info: Redefining \% on input line 2223.
[23 <./Correspondencia_Cournot.png>]
LaTeX Info: Redefining \. on input line 2281.
LaTeX Info: Redefining \% on input line 2281.
LaTeX Info: Redefining \. on input line 2281.
LaTeX Info: Redefining \% on input line 2281.
[24]
Package mdframed Info: mdframed works in twoside mode on input line 2312.
Package mdframed Info: mdframed detected package amsthm 
 changed the theorem header of amsthm
(mdframed)              on input line 2312.
Package mdframed Info: Box was splittet wrong
 starting loop to iterate the splitting point
(mdframed)              on input line 2377.
LaTeX Info: Redefining \. on input line 2377.
LaTeX Info: Redefining \% on input line 2377.
LaTeX Info: Redefining \. on input line 2377.
LaTeX Info: Redefining \% on input line 2377.
[25]
Package mdframed Info: mdframed works in twoside mode on input line 2383.
Package mdframed Info: mdframed detected package amsthm 
 changed the theorem header of amsthm
(mdframed)              on input line 2383.

Underfull \hbox (badness 10000) in paragraph at lines 2399--2400

 []

Package mdframed Info: Box was splittet wrong
 starting loop to iterate the splitting point
(mdframed)              on input line 2615.
LaTeX Info: Redefining \. on input line 2615.
LaTeX Info: Redefining \% on input line 2615.
LaTeX Info: Redefining \. on input line 2615.
LaTeX Info: Redefining \% on input line 2615.
[26]
Package mdframed Info: Box was splittet wrong
 starting loop to iterate the splitting point
(mdframed)              on input line 2615.
LaTeX Info: Redefining \. on input line 2615.
LaTeX Info: Redefining \% on input line 2615.
LaTeX Info: Redefining \. on input line 2615.
LaTeX Info: Redefining \% on input line 2615.
[27]
Package mdframed Info: mdframed works in twoside mode on input line 2661.
Package mdframed Info: mdframed detected package amsthm 
 changed the theorem header of amsthm
(mdframed)              on input line 2661.

LaTeX Warning: Command \' invalid in math mode on input line 2684.

<batalla_sexos.png, id=499, 265.99374pt x 194.7275pt>
File: batalla_sexos.png Graphic file (type png)
<use batalla_sexos.png>
Package pdftex.def Info: batalla_sexos.png  used on input line 2723.
(pdftex.def)             Requested size: 194.05853pt x 142.06966pt.

LaTeX Warning: Command \' invalid in math mode on input line 2731.


LaTeX Warning: Command \' invalid in math mode on input line 2731.

Package mdframed Info: Not enough space on this page on input line 2734.
LaTeX Info: Redefining \. on input line 2734.
LaTeX Info: Redefining \% on input line 2734.
LaTeX Info: Redefining \. on input line 2734.
LaTeX Info: Redefining \% on input line 2734.
[28]
Package mdframed Info: Not enough space on this page on input line 2734.
LaTeX Info: Redefining \. on input line 2734.
LaTeX Info: Redefining \% on input line 2734.
LaTeX Info: Redefining \. on input line 2734.
LaTeX Info: Redefining \% on input line 2734.
[29]
LaTeX Info: Redefining \. on input line 2783.
LaTeX Info: Redefining \% on input line 2783.
LaTeX Info: Redefining \. on input line 2783.
LaTeX Info: Redefining \% on input line 2783.
[30 <./batalla_sexos.png>]
LaTeX Info: Redefining \. on input line 2856.
LaTeX Info: Redefining \% on input line 2856.
LaTeX Info: Redefining \. on input line 2856.
LaTeX Info: Redefining \% on input line 2856.
[31]
Package mdframed Info: mdframed works in twoside mode on input line 2895.
Package mdframed Info: mdframed detected package amsthm 
 changed the theorem header of amsthm
(mdframed)              on input line 2895.
<subjuego_propio.png, id=533, 306.14375pt x 157.58875pt>
File: subjuego_propio.png Graphic file (type png)
<use subjuego_propio.png>
Package pdftex.def Info: subjuego_propio.png  used on input line 2901.
(pdftex.def)             Requested size: 301.86955pt x 155.39534pt.

Underfull \hbox (badness 10000) in paragraph at lines 2917--2919

 []

Package mdframed Info: Box was splittet wrong
 starting loop to iterate the splitting point
(mdframed)              on input line 2925.
LaTeX Info: Redefining \. on input line 2925.
LaTeX Info: Redefining \% on input line 2925.
LaTeX Info: Redefining \. on input line 2925.
LaTeX Info: Redefining \% on input line 2925.
[32 <./subjuego_propio.png>]
LaTeX Info: Redefining \. on input line 2954.
LaTeX Info: Redefining \% on input line 2954.
LaTeX Info: Redefining \. on input line 2954.
LaTeX Info: Redefining \% on input line 2954.
[33]
<induccion_a.png, id=549, 349.305pt x 162.6075pt>
File: induccion_a.png Graphic file (type png)
<use induccion_a.png>
Package pdftex.def Info: induccion_a.png  used on input line 2994.
(pdftex.def)             Requested size: 211.97308pt x 98.67682pt.
<induccion_b.png, id=550, 349.305pt x 157.58875pt>
File: induccion_b.png Graphic file (type png)
<use induccion_b.png>
Package pdftex.def Info: induccion_b.png  used on input line 2999.
(pdftex.def)             Requested size: 211.97308pt x 95.63123pt.

Underfull \hbox (badness 10000) in paragraph at lines 3004--3005

 []


Underfull \hbox (badness 10000) in paragraph at lines 3006--3007

 []

LaTeX Info: Redefining \. on input line 3010.
LaTeX Info: Redefining \% on input line 3010.
LaTeX Info: Redefining \. on input line 3010.
LaTeX Info: Redefining \% on input line 3010.
[34]
LaTeX Info: Redefining \. on input line 3039.
LaTeX Info: Redefining \% on input line 3039.
LaTeX Info: Redefining \. on input line 3039.
LaTeX Info: Redefining \% on input line 3039.
[35 <./induccion_a.png> <./induccion_b.png>] [36

]
Cap\'{\i }tulo 4.
LaTeX Font Info:    Trying to load font information for T1+lmtt on input line 3064.
(/Users/aliciac/Library/TinyTeX/texmf-dist/tex/latex/lm/t1lmtt.fd
File: t1lmtt.fd 2015/05/01 v1.6.1 Font defs for Latin Modern
)
LaTeX Font Info:    Font shape `T1/lmtt/bx/n' in size <12> not available
(Font)              Font shape `T1/lmtt/b/n' tried instead on input line 3068.
[37]
LaTeX Info: Redefining \. on input line 3150.
LaTeX Info: Redefining \% on input line 3150.
LaTeX Info: Redefining \. on input line 3150.
LaTeX Info: Redefining \% on input line 3150.
[38]
LaTeX Info: Redefining \. on input line 3214.
LaTeX Info: Redefining \% on input line 3214.
LaTeX Info: Redefining \. on input line 3214.
LaTeX Info: Redefining \% on input line 3214.
[39]
LaTeX Info: Redefining \. on input line 3278.
LaTeX Info: Redefining \% on input line 3278.
LaTeX Info: Redefining \. on input line 3278.
LaTeX Info: Redefining \% on input line 3278.
[40]
LaTeX Info: Redefining \. on input line 3329.
LaTeX Info: Redefining \% on input line 3329.
LaTeX Info: Redefining \. on input line 3329.
LaTeX Info: Redefining \% on input line 3329.
[41]
LaTeX Info: Redefining \. on input line 3401.
LaTeX Info: Redefining \% on input line 3401.
LaTeX Info: Redefining \. on input line 3401.
LaTeX Info: Redefining \% on input line 3401.
[42]
<figurasR/unnamed-chunk-32-1.pdf, id=605, 375.4025pt x 297.11pt>
File: figurasR/unnamed-chunk-32-1.pdf Graphic file (type pdf)
<use figurasR/unnamed-chunk-32-1.pdf>
Package pdftex.def Info: figurasR/unnamed-chunk-32-1.pdf  used on input line 3403.
(pdftex.def)             Requested size: 432.48051pt x 342.304pt.
LaTeX Info: Redefining \. on input line 3443.
LaTeX Info: Redefining \% on input line 3443.
LaTeX Info: Redefining \. on input line 3443.
LaTeX Info: Redefining \% on input line 3443.
[43 <./figurasR/unnamed-chunk-32-1.pdf>]
<figurasR/unnamed-chunk-33-1.pdf, id=621, 459.7175pt x 315.1775pt>
File: figurasR/unnamed-chunk-33-1.pdf Graphic file (type pdf)
<use figurasR/unnamed-chunk-33-1.pdf>
Package pdftex.def Info: figurasR/unnamed-chunk-33-1.pdf  used on input line 3445.
(pdftex.def)             Requested size: 432.48051pt x 296.52177pt.
LaTeX Info: Redefining \. on input line 3465.
LaTeX Info: Redefining \% on input line 3465.
LaTeX Info: Redefining \. on input line 3465.
LaTeX Info: Redefining \% on input line 3465.
[44 <./figurasR/unnamed-chunk-33-1.pdf>]
<figurasR/unnamed-chunk-34-1.pdf, id=633, 459.7175pt x 315.1775pt>
File: figurasR/unnamed-chunk-34-1.pdf Graphic file (type pdf)
<use figurasR/unnamed-chunk-34-1.pdf>
Package pdftex.def Info: figurasR/unnamed-chunk-34-1.pdf  used on input line 3481.
(pdftex.def)             Requested size: 432.48051pt x 296.52177pt.
<figurasR/unnamed-chunk-34-2.pdf, id=634, 459.7175pt x 315.1775pt>
File: figurasR/unnamed-chunk-34-2.pdf Graphic file (type pdf)
<use figurasR/unnamed-chunk-34-2.pdf>
Package pdftex.def Info: figurasR/unnamed-chunk-34-2.pdf  used on input line 3488.
(pdftex.def)             Requested size: 432.48051pt x 296.52177pt.
LaTeX Info: Redefining \. on input line 3488.
LaTeX Info: Redefining \% on input line 3488.
LaTeX Info: Redefining \. on input line 3488.
LaTeX Info: Redefining \% on input line 3488.
[45 <./figurasR/unnamed-chunk-34-1.pdf>]
LaTeX Info: Redefining \. on input line 3532.
LaTeX Info: Redefining \% on input line 3532.
LaTeX Info: Redefining \. on input line 3532.
LaTeX Info: Redefining \% on input line 3532.
[46 <./figurasR/unnamed-chunk-34-2.pdf>]
LaTeX Info: Redefining \. on input line 3626.
LaTeX Info: Redefining \% on input line 3626.
LaTeX Info: Redefining \. on input line 3626.
LaTeX Info: Redefining \% on input line 3626.
[47]
LaTeX Info: Redefining \. on input line 3654.
LaTeX Info: Redefining \% on input line 3654.
LaTeX Info: Redefining \. on input line 3654.
LaTeX Info: Redefining \% on input line 3654.
[48]
Overfull \hbox (51.06412pt too wide) in paragraph at lines 3691--3691
[]\T1/lmtt/m/n/12 ## Optimal (vector) value: 0 0 1.005564e-07 1.005564e-07 1.293464e-07 1.293464e-07[] 
 []

LaTeX Info: Redefining \. on input line 3713.
LaTeX Info: Redefining \% on input line 3713.
LaTeX Info: Redefining \. on input line 3713.
LaTeX Info: Redefining \% on input line 3713.
[49]
Overfull \hbox (186.90018pt too wide) in paragraph at lines 3717--3717
[]\T1/lmtt/m/n/12 ## Optimal (vector) value: 2.337144e-09 2.337144e-09 1.888004e-08 1.888004e-08 4.067756e-09 4.067756e-09[] 
 []

<figurasR/unnamed-chunk-39-1.pdf, id=671, 453.695pt x 313.17pt>
File: figurasR/unnamed-chunk-39-1.pdf Graphic file (type pdf)
<use figurasR/unnamed-chunk-39-1.pdf>
Package pdftex.def Info: figurasR/unnamed-chunk-39-1.pdf  used on input line 3757.
(pdftex.def)             Requested size: 432.48051pt x 298.52763pt.
LaTeX Info: Redefining \. on input line 3757.
LaTeX Info: Redefining \% on input line 3757.
LaTeX Info: Redefining \. on input line 3757.
LaTeX Info: Redefining \% on input line 3757.
[50]
LaTeX Info: Redefining \. on input line 3816.
LaTeX Info: Redefining \% on input line 3816.
LaTeX Info: Redefining \. on input line 3816.
LaTeX Info: Redefining \% on input line 3816.
[51 <./figurasR/unnamed-chunk-39-1.pdf>]
Overfull \hbox (1.70612pt too wide) in paragraph at lines 3838--3838
[]\T1/lmtt/m/n/12 ## Gametree for Ultimatum_simple: Add stage oferta (1 outcomes so far) ...[] 
 []


Overfull \hbox (20.23112pt too wide) in paragraph at lines 3839--3839
[]\T1/lmtt/m/n/12 ## Gametree for Ultimatum_simple: Add stage respuesta (5 outcomes so far) ...[] 
 []


Overfull \hbox (1.70612pt too wide) in paragraph at lines 3840--3840
[]\T1/lmtt/m/n/12 ## Gametree for Ultimatum_simple: Add stage pagos (10 outcomes so far) ...[] 
 []


Overfull \hbox (156.08119pt too wide) in paragraph at lines 3841--3841
[]\T1/lmtt/m/n/12 ## Game tree for Ultimatum_simple: All stages parsed (10 outcomes), finalize outcomes and et.mat...[] 
 []


Overfull \hbox (88.15616pt too wide) in paragraph at lines 3842--3842
[]\T1/lmtt/m/n/12 ## Game tree for Ultimatum_simple: All stages parsed (10 outcomes), compute info sets...[] 
 []


Overfull \hbox (372.1993pt too wide) in paragraph at lines 3845--3845
[]\T1/lmtt/m/n/12 ## Compute mapping between strategy profiles and outcome probabilities for each subgame...done in 0.100255 secs  mapping size = 6.3 Kb[] 
 []

LaTeX Info: Redefining \. on input line 3853.
LaTeX Info: Redefining \% on input line 3853.
LaTeX Info: Redefining \. on input line 3853.
LaTeX Info: Redefining \% on input line 3853.
[52]
LaTeX Info: Redefining \. on input line 3883.
LaTeX Info: Redefining \% on input line 3883.
LaTeX Info: Redefining \. on input line 3883.
LaTeX Info: Redefining \% on input line 3883.
[53] [54

] (./tfe_principal.bbl
LaTeX Encoding Info:    Ignoring declaration for text command \guillemotleft (encoding OT1) on input line 3.
LaTeX Encoding Info:    Ignoring declaration for text command \guillemotright (encoding OT1) on input line 3.

Underfull \hbox (badness 10000) in paragraph at lines 22--25
[]$\T1/lmr/m/n/12 https : / / economia . uc3m . es / docencia / ME-[]MEIM-[]Game-[]Theory / classnotes /
 []


Underfull \hbox (badness 10000) in paragraph at lines 27--30
[]$\T1/lmr/m/n/12 https : / / economia . uc3m . es / docencia / ME-[]MEIM-[]Game-[]Theory / classnotes /
 []


Underfull \hbox (badness 10000) in paragraph at lines 48--52
[]$\T1/lmr/m/n/12 https : / / skranz . github . io / gtree/$[]. R pac-ka-ge avai-la-ble at
 []

[55

])

Package fancyhdr Warning: \headheight is too small (12.0pt): 
(fancyhdr)                Make it at least 14.49998pt, for example:
(fancyhdr)                \setlength{\headheight}{14.49998pt}.
(fancyhdr)                You might also make \topmargin smaller:
(fancyhdr)                \addtolength{\topmargin}{-2.49998pt}.

[56] (./tfe_principal.aux
LaTeX Info: Redefining \. on input line 9.
LaTeX Info: Redefining \% on input line 9.
)
 ***********
LaTeX2e <2025-11-01>
L3 programming layer <2026-03-20>
 ***********

LaTeX Warning: There were multiply-defined labels.

Package rerunfilecheck Info: File `tfe_principal.out' has not changed.
(rerunfilecheck)             Checksum: DE062D1715EEC85FEF56E112E43175D9;8289.
 ) 
Here is how much of TeX's memory you used:
 32428 strings out of 469321
 616497 string characters out of 5464735
 1168057 words of memory out of 5000000
 60443 multiletter control sequences out of 15000+600000
 729595 words of font info for 94 fonts, out of 8000000 for 9000
 14 hyphenation exceptions out of 8191
 84i,13n,94p,1597b,1107s stack positions out of 10000i,1000n,20000p,200000b,200000s
</Users/aliciac/Library/TinyTeX/texmf-dist/fonts/type1/public/lm/lmbx10.pfb></Users/aliciac/Library/TinyTeX/texmf-dist/fonts/type1/public/lm/lmbx12.pfb></Users/aliciac/Library/TinyTeX/texmf-dist/fonts/type1/public/lm/lmbx8.pfb></Users/aliciac/Library/TinyTeX/texmf-dist/fonts/type1/public/lm/lmbxi10.pfb></Users/aliciac/Library/TinyTeX/texmf-dist/fonts/type1/public/lm/lmcsc10.pfb></Users/aliciac/Library/TinyTeX/texmf-dist/fonts/type1/public/lm/lmex10.pfb></Users/aliciac/Library/TinyTeX/texmf-dist/fonts/type1/public/lm/lmmi10.pfb></Users/aliciac/Library/TinyTeX/texmf-dist/fonts/type1/public/lm/lmmi12.pfb></Users/aliciac/Library/TinyTeX/texmf-dist/fonts/type1/public/lm/lmmi6.pfb></Users/aliciac/Library/TinyTeX/texmf-dist/fonts/type1/public/lm/lmmi8.pfb></Users/aliciac/Library/TinyTeX/texmf-dist/fonts/type1/public/lm/lmr10.pfb></Users/aliciac/Library/TinyTeX/texmf-dist/fonts/type1/public/lm/lmr12.pfb></Users/aliciac/Library/TinyTeX/texmf-dist/fonts/type1/public/lm/lmr6.pfb></Users/aliciac/Library/TinyTeX/texmf-dist/fonts/type1/public/lm/lmr8.pfb></Users/aliciac/Library/TinyTeX/texmf-dist/fonts/type1/public/lm/lmri10.pfb></Users/aliciac/Library/TinyTeX/texmf-dist/fonts/type1/public/lm/lmri12.pfb></Users/aliciac/Library/TinyTeX/texmf-dist/fonts/type1/public/lm/lmro8.pfb></Users/aliciac/Library/TinyTeX/texmf-dist/fonts/type1/public/lm/lmsy10.pfb></Users/aliciac/Library/TinyTeX/texmf-dist/fonts/type1/public/lm/lmsy6.pfb></Users/aliciac/Library/TinyTeX/texmf-dist/fonts/type1/public/lm/lmsy8.pfb></Users/aliciac/Library/TinyTeX/texmf-dist/fonts/type1/public/lm/lmtk10.pfb></Users/aliciac/Library/TinyTeX/texmf-dist/fonts/type1/public/lm/lmtt12.pfb></Users/aliciac/Library/TinyTeX/texmf-dist/fonts/type1/public/lm/lmtti10.pfb></Users/aliciac/Library/TinyTeX/texmf-dist/fonts/type1/public/amsfonts/symbols/msam10.pfb></Users/aliciac/Library/TinyTeX/texmf-dist/fonts/type1/public/amsfonts/symbols/msbm10.pfb>
Output written on tfe_principal.pdf (66 pages, 839991 bytes).
PDF statistics:
 888 PDF objects out of 1000 (max. 8388607)
 725 compressed objects within 8 object streams
 191 named destinations out of 1000 (max. 500000)
 398 words of extra memory for PDF output out of 10000 (max. 10000000)

