\BOOKMARK [1][-]{indice.1}{\376\377\000\315\000n\000d\000i\000c\000e\000\040\000G\000e\000n\000e\000r\000a\000l}{}% 1
\BOOKMARK [1][-]{section*.2}{\376\377\000R\000e\000s\000u\000m\000e\000n}{}% 2
\BOOKMARK [1][-]{section*.3}{\376\377\000A\000b\000s\000t\000r\000a\000c\000t}{}% 3
\BOOKMARK [1][-]{chapter*.4}{\376\377\000\315\000n\000d\000i\000c\000e\000\040\000d\000e\000\040\000F\000i\000g\000u\000r\000a\000s}{}% 4
\BOOKMARK [1][-]{chapter*.5}{\376\377\000\315\000n\000d\000i\000c\000e\000\040\000d\000e\000\040\000T\000a\000b\000l\000a\000s}{}% 5
\BOOKMARK [0][-]{chapter.1}{\376\377\000I\000n\000t\000r\000o\000d\000u\000c\000c\000i\000\363\000n}{}% 6
\BOOKMARK [0][-]{chapter.2}{\376\377\000F\000u\000n\000d\000a\000m\000e\000n\000t\000o\000s\000\040\000d\000e\000\040\000l\000a\000\040\000T\000e\000o\000r\000\355\000a\000\040\000d\000e\000\040\000J\000u\000e\000g\000o\000s}{}% 7
\BOOKMARK [1][-]{section.2.1}{\376\377\000C\000o\000n\000c\000e\000p\000t\000o\000s\000\040\000b\000\341\000s\000i\000c\000o\000s}{chapter.2}% 8
\BOOKMARK [1][-]{section.2.2}{\376\377\000C\000l\000a\000s\000i\000f\000i\000c\000a\000c\000i\000\363\000n\000\040\000d\000e\000\040\000j\000u\000e\000g\000o\000s}{chapter.2}% 9
\BOOKMARK [2][-]{subsection.2.2.1}{\376\377\000J\000u\000e\000g\000o\000s\000\040\000s\000e\000g\000\372\000n\000\040\000e\000l\000\040\000n\000\372\000m\000e\000r\000o\000\040\000d\000e\000\040\000j\000u\000g\000a\000d\000o\000r\000e\000s}{section.2.2}% 10
\BOOKMARK [2][-]{subsection.2.2.2}{\376\377\000J\000u\000e\000g\000o\000s\000\040\000f\000i\000n\000i\000t\000o\000s\000\040\000e\000\040\000i\000n\000f\000i\000n\000i\000t\000o\000s}{section.2.2}% 11
\BOOKMARK [2][-]{subsection.2.2.3}{\376\377\000J\000u\000e\000g\000o\000s\000\040\000c\000o\000o\000p\000e\000r\000a\000t\000i\000v\000o\000s\000\040\000y\000\040\000n\000o\000\040\000c\000o\000o\000p\000e\000r\000a\000t\000i\000v\000o\000s}{section.2.2}% 12
\BOOKMARK [2][-]{subsection.2.2.4}{\376\377\000J\000u\000e\000g\000o\000s\000\040\000d\000e\000\040\000s\000u\000m\000a\000\040\000n\000u\000l\000a}{section.2.2}% 13
\BOOKMARK [2][-]{subsection.2.2.5}{\376\377\000J\000u\000e\000g\000o\000s\000\040\000e\000s\000t\000\341\000t\000i\000c\000o\000s\000\040\000y\000\040\000d\000i\000n\000\341\000m\000i\000c\000o\000s}{section.2.2}% 14
\BOOKMARK [2][-]{subsection.2.2.6}{\376\377\000J\000u\000e\000g\000o\000s\000\040\000d\000e\000\040\000i\000n\000f\000o\000r\000m\000a\000c\000i\000\363\000n\000\040\000c\000o\000m\000p\000l\000e\000t\000a\000\040\000e\000\040\000i\000n\000c\000o\000m\000p\000l\000e\000t\000a}{section.2.2}% 15
\BOOKMARK [2][-]{subsection.2.2.7}{\376\377\000J\000u\000e\000g\000o\000s\000\040\000d\000e\000\040\000i\000n\000f\000o\000r\000m\000a\000c\000i\000\363\000n\000\040\000p\000e\000r\000f\000e\000c\000t\000a\000\040\000e\000\040\000i\000m\000p\000e\000r\000f\000e\000c\000t\000a}{section.2.2}% 16
\BOOKMARK [1][-]{section.2.3}{\376\377\000R\000e\000p\000r\000e\000s\000e\000n\000t\000a\000c\000i\000o\000n\000e\000s\000\040\000d\000e\000\040\000l\000o\000s\000\040\000j\000u\000e\000g\000o\000s}{chapter.2}% 17
\BOOKMARK [2][-]{subsection.2.3.1}{\376\377\000F\000o\000r\000m\000a\000\040\000n\000o\000r\000m\000a\000l}{section.2.3}% 18
\BOOKMARK [2][-]{subsection.2.3.2}{\376\377\000F\000o\000r\000m\000a\000\040\000e\000x\000t\000e\000n\000s\000i\000v\000a}{section.2.3}% 19
\BOOKMARK [0][-]{chapter.3}{\376\377\000C\000o\000n\000c\000e\000p\000t\000o\000\040\000d\000e\000\040\000s\000o\000l\000u\000c\000i\000\363\000n}{}% 20
\BOOKMARK [1][-]{section.3.1}{\376\377\000E\000s\000t\000r\000a\000t\000e\000g\000i\000a\000s\000\040\000d\000o\000m\000i\000n\000a\000n\000t\000e\000s}{chapter.3}% 21
\BOOKMARK [1][-]{section.3.2}{\376\377\000E\000q\000u\000i\000l\000i\000b\000r\000i\000o\000\040\000d\000e\000\040\000N\000a\000s\000h}{chapter.3}% 22
\BOOKMARK [0][-]{chapter.4}{\376\377\000I\000m\000p\000l\000e\000m\000e\000n\000t\000a\000c\000i\000\363\000n\000\040\000e\000n\000\040\000R}{}% 23
\BOOKMARK [1][-]{section.4.1}{\376\377\000I\000n\000t\000r\000o\000d\000u\000c\000c\000i\000\363\000n\000\040\000a\000\040\000R\000\040\000c\000o\000m\000o\000\040\000h\000e\000r\000r\000a\000m\000i\000e\000n\000t\000a\000\040\000d\000e\000\040\000a\000n\000\341\000l\000i\000s\000i\000s}{chapter.4}% 24
\BOOKMARK [1][-]{section.4.2}{\376\377\000R\000e\000p\000r\000e\000s\000e\000n\000a\000c\000i\000o\000n\000\040\000d\000e\000\040\000j\000u\000e\000g\000o\000s\000\040\000e\000n\000\040\000R}{chapter.4}% 25
\BOOKMARK [1][-]{section.4.3}{\376\377\000P\000a\000q\000u\000e\000t\000e\000s\000\040\000d\000e\000\040\000R}{chapter.4}% 26
\BOOKMARK [0][-]{chapter.5}{\376\377\000A\000p\000l\000i\000c\000a\000c\000i\000o\000n\000e\000s\000\040\000p\000r\000\341\000c\000t\000i\000c\000a\000s}{}% 27
\BOOKMARK [0][-]{chapter*.8}{\376\377\000B\000i\000b\000l\000i\000o\000g\000r\000a\000f\000\355\000a}{}% 28
